copy 1385.1730485675635 read 1426.6339966854089
8192 269.2094340646433
16384 273.03004283449746
gemm_2048_6144_4096                           425.4us   242.3TF     217GB/s
gemm_2048_6144_4096_linear                    428.3us   240.7TF     215GB/s
bmm_1_8192_2048_128                            49.0us    87.7TF     738GB/s
bmm_1_8192_128_2048                            37.8us   113.7TF     957GB/s
gemm_2048_4096_4096                           308.4us   222.8TF     218GB/s
gemm_2048_4096_4096_linear                    308.6us   222.7TF     217GB/s
gemm_2048_14336_4096                          962.0us   250.0TF     201GB/s
gemm_2048_14336_4096_linear                   978.9us   245.7TF     197GB/s
gemm_2048_4096_14336                          956.8us   251.4TF     202GB/s
gemm_2048_4096_14336_linear                   962.1us   250.0TF     201GB/s
gemm_1_128256_4096                            741.2us     1.4TF    1418GB/s
gemm_1_128256_4096_linear                     720.9us     1.5TF    1458GB/s
gemm_1_6144_4096                               45.2us     1.1TF    1114GB/s
gemm_1_6144_4096_linear                        41.0us     1.2TF    1227GB/s
bmm_8_4_2048_128                                8.4us     2.0TF     514GB/s
bmm_8_4_128_2048                               11.1us     1.5TF     391GB/s
gemm_1_4096_4096                               28.9us     1.2TF    1161GB/s
gemm_1_4096_4096_linear                        28.5us     1.2TF    1176GB/s
gemm_1_14336_4096                              93.3us     1.3TF    1258GB/s
gemm_1_14336_4096_linear                       96.4us     1.2TF    1218GB/s
gemm_1_4096_14336                              94.4us     1.2TF    1245GB/s
gemm_1_4096_14336_linear                       91.4us     1.3TF    1285GB/s
gemm_8_6144_4096                               45.0us     8.9TF    1121GB/s
gemm_8_6144_4096_linear                        41.1us     9.8TF    1229GB/s
bmm_64_4_2048_128                              34.4us     3.9TF    1008GB/s
bmm_64_4_128_2048                              31.8us     4.2TF    1090GB/s
gemm_8_4096_4096                               29.6us     9.1TF    1137GB/s
gemm_8_4096_4096_linear                        28.8us     9.3TF    1171GB/s
gemm_8_14336_4096                              91.9us    10.2TF    1281GB/s
gemm_8_14336_4096_linear                       99.7us     9.4TF    1181GB/s
gemm_8_4096_14336                              91.9us    10.2TF    1282GB/s
gemm_8_4096_14336_linear                       92.0us    10.2TF    1280GB/s
gemm_8_128256_4096                            763.6us    11.0TF    1379GB/s
gemm_8_128256_4096_linear                     733.0us    11.5TF    1436GB/s
gemm_32_6144_4096                              42.5us    37.9TF    1200GB/s
gemm_32_6144_4096_linear                       42.2us    38.2TF    1209GB/s
bmm_256_4_2048_128                            119.2us     4.5TF    1164GB/s
bmm_256_4_128_2048                            109.7us     4.9TF    1264GB/s
gemm_32_4096_4096                              30.2us    35.5TF    1127GB/s
gemm_32_4096_4096_linear                       29.4us    36.5TF    1160GB/s
gemm_32_14336_4096                            107.8us    34.9TF    1100GB/s
gemm_32_14336_4096_linear                     108.1us    34.8TF    1097GB/s
gemm_32_4096_14336                             93.2us    40.3TF    1273GB/s
gemm_32_4096_14336_linear                     100.1us    37.5TF    1184GB/s
gemm_32_128256_4096                           758.7us    44.3TF    1396GB/s
gemm_32_128256_4096_linear                    768.5us    43.8TF    1378GB/s
gemm_1024_1024_1024                            17.8us   120.4TF     353GB/s
gemm_1024_1024_1024_linear                     17.9us   120.1TF     352GB/s
gemm_16_8192_8192                             103.4us    20.8TF    1303GB/s
gemm_16_8192_8192_linear                      108.8us    19.7TF    1239GB/s
gemm_4096_4096_4096                           546.5us   251.5TF     184GB/s
gemm_4096_4096_4096_linear                    553.5us   248.3TF     182GB/s
gemm_256_256_256                                5.0us     6.7TF      79GB/s
gemm_512_512_512                                6.5us    41.1TF     241GB/s
gemm_1024_1024_1024                            17.9us   120.3TF     352GB/s
gemm_2048_2048_2048                           106.2us   161.8TF     237GB/s
gemm_4096_4096_4096                           546.1us   251.7TF     184GB/s
gemm_8192_8192_8192                          4129.8us   266.2TF      97GB/s
gemm_1_4096_4096                               28.9us     1.2TF    1161GB/s
gemm_8_4096_4096                               29.7us     9.1TF    1136GB/s
gemm_16_4096_4096                              29.3us    18.3TF    1153GB/s
gemm_32_4096_4096                              30.3us    35.4TF    1124GB/s
gemm_64_4096_4096                              30.8us    69.8TF    1125GB/s
gemm_128_4096_4096                             40.8us   105.2TF     873GB/s
gemm_256_4096_4096                             54.1us   158.7TF     697GB/s
gemm_1_8192_8192                              102.5us     1.3TF    1309GB/s
gemm_8_8192_8192                              102.9us    10.4TF    1306GB/s
gemm_16_8192_8192                             103.3us    20.8TF    1305GB/s
gemm_32_8192_8192                             113.4us    37.9TF    1192GB/s
gemm_64_8192_8192                             107.0us    80.2TF    1273GB/s
gemm_128_8192_8192                            120.1us   143.0TF    1152GB/s
gemm_256_8192_8192                            167.0us   205.8TF     854GB/s
gemm_1_14336_14336                            300.3us     1.4TF    1369GB/s
gemm_8_14336_14336                            304.6us    10.8TF    1351GB/s
gemm_16_14336_14336                           306.2us    21.5TF    1345GB/s
gemm_32_14336_14336                           305.4us    43.1TF    1352GB/s
gemm_64_14336_14336                           307.5us    85.6TF    1349GB/s
gemm_128_14336_14336                          327.4us   160.7TF    1278GB/s
gemm_256_14336_14336                          549.3us   191.6TF     775GB/s
gemm_256_256_65536                             65.1us   131.9TF    1033GB/s
gemm_1024_1024_32768                          295.1us   232.8TF     462GB/s
gemm_2048_2048_16384                          566.3us   242.7TF     252GB/s
gemm_128_4096_65536                           437.4us   157.1TF    1268GB/s
gemm_4096_128_65536                           440.6us   156.0TF    1259GB/s
gemm_64_64_262144                              57.4us    37.4TF    1169GB/s
DONE
