15:55:13 sanity start {'gemm_8192^3': 265.5, 'copy_1GiB': 1377.0}
15:55:14 gemm_2048_6144_4096                              430.08us cv=0.014   239.7TF     215GB/s ok
15:55:15 gemm_2048_6144_4096_linear                       434.01us cv=0.010   237.5TF     213GB/s ok
15:55:16 bmm_1_8192_2048_128                               48.47us cv=0.001    88.6TF     746GB/s ok
15:55:17 bmm_1_8192_128_2048                               37.68us cv=0.001   114.0TF     960GB/s ok
15:55:18 gemm_2048_4096_4096                              311.94us cv=0.004   220.3TF     215GB/s ok
15:55:19 gemm_2048_4096_4096_linear                       314.88us cv=0.008   218.2TF     213GB/s ok
15:55:20 gemm_2048_14336_4096                             983.72us cv=0.013   244.5TF     196GB/s ok
15:55:21 gemm_2048_14336_4096_linear                      997.03us cv=0.023   241.2TF     194GB/s ok
15:55:22 gemm_2048_4096_14336                             957.10us cv=0.008   251.3TF     202GB/s ok
15:55:23 gemm_2048_4096_14336_linear                      966.66us cv=0.007   248.8TF     200GB/s ok
15:55:24 gemm_1_128256_4096                               742.40us cv=0.017     1.4TF    1416GB/s ok
15:55:25 gemm_1_128256_4096_linear                        721.92us cv=0.019     1.5TF    1456GB/s ok
15:55:26 gemm_1_6144_4096                                  45.13us cv=0.001     1.1TF    1116GB/s ok
15:55:27 gemm_1_6144_4096_linear                           41.05us cv=0.002     1.2TF    1227GB/s ok
15:55:27 bmm_8_4_2048_128                                   8.34us cv=0.001     2.0TF     520GB/s ok
15:55:28 bmm_8_4_128_2048                                  11.02us cv=0.001     1.5TF     393GB/s ok
15:55:29 gemm_1_4096_4096                                  28.89us cv=0.002     1.2TF    1162GB/s ok
15:55:30 gemm_1_4096_4096_linear                           28.50us cv=0.001     1.2TF    1178GB/s ok
15:55:31 gemm_1_14336_4096                                 93.49us cv=0.002     1.3TF    1257GB/s ok
15:55:32 gemm_1_14336_4096_linear                          96.56us cv=0.001     1.2TF    1217GB/s ok
15:55:32 gemm_1_4096_14336                                 94.46us cv=0.002     1.2TF    1244GB/s ok
15:55:33 gemm_1_4096_14336_linear                          92.31us cv=0.001     1.3TF    1273GB/s ok
15:55:34 gemm_8_6144_4096                                  45.10us cv=0.002     8.9TF    1120GB/s ok
15:55:35 gemm_8_6144_4096_linear                           41.19us cv=0.002     9.8TF    1226GB/s ok
15:55:36 bmm_64_4_2048_128                                 33.94us cv=0.002     4.0TF    1022GB/s ok
15:55:37 bmm_64_4_128_2048                                 31.82us cv=0.002     4.2TF    1089GB/s ok
15:55:37 gemm_8_4096_4096                                  29.74us cv=0.003     9.0TF    1133GB/s ok
15:55:38 gemm_8_4096_4096_linear                           28.78us cv=0.002     9.3TF    1170GB/s ok
15:55:39 gemm_8_14336_4096                                 92.08us cv=0.002    10.2TF    1279GB/s ok
15:55:40 gemm_8_14336_4096_linear                          99.84us cv=0.001     9.4TF    1179GB/s ok
15:55:41 gemm_8_4096_14336                                 91.96us cv=0.002    10.2TF    1280GB/s ok
15:55:42 gemm_8_4096_14336_linear                          92.83us cv=0.001    10.1TF    1268GB/s ok
15:55:43 gemm_8_128256_4096                               765.95us cv=0.013    11.0TF    1374GB/s ok
15:55:44 gemm_8_128256_4096_linear                        734.55us cv=0.016    11.4TF    1433GB/s ok
15:55:45 gemm_32_6144_4096                                 42.50us cv=0.002    37.9TF    1200GB/s ok
15:55:46 gemm_32_6144_4096_linear                          42.26us cv=0.002    38.1TF    1206GB/s ok
15:55:47 bmm_256_4_2048_128                               119.81us cv=0.001     4.5TF    1157GB/s ok
15:55:48 bmm_256_4_128_2048                               109.62us cv=0.002     4.9TF    1265GB/s ok
15:55:49 gemm_32_4096_4096                                 30.32us cv=0.003    35.4TF    1124GB/s ok
15:55:50 gemm_32_4096_4096_linear                          29.38us cv=0.001    36.6TF    1160GB/s ok
15:55:51 gemm_32_14336_4096                               107.67us cv=0.002    34.9TF    1102GB/s ok
15:55:52 gemm_32_14336_4096_linear                        108.60us cv=0.001    34.6TF    1092GB/s ok
15:55:52 gemm_32_4096_14336                                93.39us cv=0.002    40.2TF    1270GB/s ok
15:55:53 gemm_32_4096_14336_linear                        101.38us cv=0.001    37.1TF    1170GB/s ok
15:55:55 gemm_32_128256_4096                              761.51us cv=0.013    44.2TF    1391GB/s ok
15:55:56 gemm_32_128256_4096_linear                       768.34us cv=0.017    43.8TF    1378GB/s ok
15:55:57 gemm_1024_1024_1024                               17.77us cv=0.001   120.9TF     354GB/s ok
15:55:57 gemm_1024_1024_1024_linear                        17.66us cv=0.000   121.6TF     356GB/s ok
15:55:58 gemm_16_8192_8192                                103.48us cv=0.002    20.8TF    1302GB/s ok
15:55:59 gemm_16_8192_8192_linear                         108.29us cv=0.002    19.8TF    1244GB/s ok
15:56:00 gemm_4096_4096_4096                              552.79us cv=0.015   248.6TF     182GB/s ok
15:56:02 gemm_4096_4096_4096_linear                       553.30us cv=0.012   248.4TF     182GB/s ok
15:56:09 decode_b1/rmsnorm                                 16.67us cv=0.002     0.0TF       1GB/s ok
15:56:21 decode_b1/rope_qk                                 31.88us cv=0.001     0.0TF       1GB/s ok
15:56:22 decode_b1/kv_write                                 3.51us cv=0.000     0.0TF       1GB/s ok
15:56:24 decode_b1/softmax                                 16.95us cv=0.000     0.0TF      15GB/s ok
15:56:25 decode_b1/residual_add                             1.75us cv=0.000     0.0TF      14GB/s ok
15:56:26 decode_b1/silu_mul                                 4.12us cv=0.000     0.0TF      21GB/s ok
15:56:26 decode_b1/embedding                                2.18us cv=0.000     0.0TF       8GB/s ok
15:56:29 decode_b1/argmax                                  51.87us cv=0.000     0.0TF       5GB/s ok
15:56:31 decode_b8/rmsnorm                                 22.49us cv=0.000     0.0TF       6GB/s ok
15:56:34 decode_b8/rope_qk                                 33.98us cv=0.000     0.0TF       5GB/s ok
15:56:35 decode_b8/kv_write                                 3.75us cv=0.000     0.0TF       4GB/s ok
15:56:36 decode_b8/softmax                                 19.79us cv=0.000     0.0TF     106GB/s ok
15:56:37 decode_b8/residual_add                             1.90us cv=0.000     0.0TF     103GB/s ok
15:56:37 decode_b8/silu_mul                                 4.62us cv=0.001     0.0TF     149GB/s ok
15:56:38 decode_b8/embedding                                8.67us cv=0.000     0.0TF      15GB/s ok
15:56:39 decode_b8/argmax                                  53.56us cv=0.001     0.0TF      38GB/s ok
15:56:40 decode_b32/rmsnorm                                29.07us cv=0.000     0.0TF      18GB/s ok
15:56:41 decode_b32/rope_qk                                36.11us cv=0.000     0.0TF      18GB/s ok
15:56:42 decode_b32/kv_write                                3.97us cv=0.000     0.0TF      17GB/s ok
15:56:43 decode_b32/softmax                                36.68us cv=0.001     0.0TF     229GB/s ok
15:56:44 decode_b32/residual_add                            2.21us cv=0.001     0.0TF     356GB/s ok
15:56:44 decode_b32/silu_mul                                5.97us cv=0.001     0.0TF     461GB/s ok
15:56:45 decode_b32/embedding                               2.59us cv=0.001     0.0TF     202GB/s ok
15:56:46 decode_b32/argmax                                 54.82us cv=0.001     0.0TF     150GB/s ok
15:56:47 prefill_b1/rmsnorm                               257.09us cv=0.001     0.0TF     131GB/s ok
15:56:53 prefill_b1/rmsnorm_final                          16.29us cv=0.001     0.0TF       1GB/s ok
15:56:54 prefill_b1/rope_qk                               168.64us cv=0.001     0.0TF     249GB/s ok
15:56:55 prefill_b1/kv_write                               12.83us cv=0.001     0.0TF     654GB/s ok
15:56:56 prefill_b1/q_permute                              39.79us cv=0.000     0.0TF     843GB/s ok
15:56:57 prefill_b1/o_permute                              40.04us cv=0.000     0.0TF     838GB/s ok
15:56:58 prefill_b1/softmax                              4065.28us cv=0.009     0.0TF     132GB/s ok
15:56:59 prefill_b1/residual_add                           39.64us cv=0.001     0.0TF    1270GB/s ok
15:57:01 prefill_b1/silu_mul                              219.48us cv=0.001     0.0TF     803GB/s ok
15:57:01 prefill_b1/embedding                              24.96us cv=0.002     0.0TF    1344GB/s ok
15:57:04 prefill_b1/argmax                                 51.87us cv=0.000     0.0TF       5GB/s ok
15:57:04 sweep/gemm_256_256_256                             5.08us cv=0.000     6.6TF      77GB/s ok
15:57:05 sweep/gemm_512_512_512                             6.45us cv=0.001    41.6TF     244GB/s ok
15:57:06 sweep/gemm_1024_1024_1024                         17.77us cv=0.001   120.9TF     354GB/s ok
15:57:07 sweep/gemm_2048_2048_2048                        106.03us cv=0.000   162.0TF     237GB/s ok
15:57:08 sweep/gemm_4096_4096_4096                        548.01us cv=0.016   250.8TF     184GB/s ok
15:57:10 sweep/gemm_8192_8192_8192                       4094.46us cv=0.014   268.5TF      98GB/s ok
15:57:11 sweep/gemm_1_4096_4096                            28.90us cv=0.002     1.2TF    1162GB/s ok
15:57:12 sweep/gemm_8_4096_4096                            29.72us cv=0.002     9.0TF    1133GB/s ok
15:57:12 sweep/gemm_16_4096_4096                           29.30us cv=0.003    18.3TF    1154GB/s ok
15:57:13 sweep/gemm_32_4096_4096                           30.32us cv=0.003    35.4TF    1124GB/s ok
15:57:14 sweep/gemm_64_4096_4096                           30.85us cv=0.003    69.6TF    1122GB/s ok
15:57:15 sweep/gemm_128_4096_4096                          40.85us cv=0.002   105.1TF     873GB/s ok
15:57:16 sweep/gemm_256_4096_4096                          53.84us cv=0.001   159.5TF     701GB/s ok
15:57:17 sweep/gemm_1_8192_8192                           102.55us cv=0.002     1.3TF    1309GB/s ok
15:57:18 sweep/gemm_8_8192_8192                           102.96us cv=0.002    10.4TF    1306GB/s ok
15:57:19 sweep/gemm_16_8192_8192                          103.48us cv=0.002    20.8TF    1302GB/s ok
15:57:21 sweep/gemm_32_8192_8192                          113.46us cv=0.002    37.9TF    1192GB/s ok
15:57:22 sweep/gemm_64_8192_8192                          106.83us cv=0.003    80.4TF    1276GB/s ok
15:57:23 sweep/gemm_128_8192_8192                         120.12us cv=0.003   143.0TF    1152GB/s ok
15:57:24 sweep/gemm_256_8192_8192                         168.53us cv=0.007   203.9TF     846GB/s ok
15:57:25 sweep/gemm_1_14336_14336                         300.29us cv=0.002     1.4TF    1369GB/s ok
15:57:27 sweep/gemm_8_14336_14336                         304.77us cv=0.003    10.8TF    1350GB/s ok
15:57:28 sweep/gemm_16_14336_14336                        306.43us cv=0.003    21.5TF    1344GB/s ok
15:57:29 sweep/gemm_32_14336_14336                        305.79us cv=0.002    43.0TF    1350GB/s ok
15:57:30 sweep/gemm_64_14336_14336                        306.94us cv=0.002    85.7TF    1351GB/s ok
15:57:32 sweep/gemm_128_14336_14336                       327.51us cv=0.003   160.6TF    1277GB/s ok
15:57:33 sweep/gemm_256_14336_14336                       554.24us cv=0.010   189.9TF     768GB/s ok
15:57:34 sweep/gemm_256_256_65536                          64.90us cv=0.001   132.4TF    1036GB/s ok
15:57:35 sweep/gemm_1024_1024_32768                       294.78us cv=0.012   233.1TF     462GB/s ok
15:57:37 sweep/gemm_2048_2048_16384                       593.15us cv=0.027   231.7TF     240GB/s ok
15:57:38 sweep/gemm_128_4096_65536                        438.89us cv=0.003   156.6TF    1264GB/s ok
15:57:39 sweep/gemm_4096_128_65536                        443.80us cv=0.002   154.8TF    1250GB/s ok
15:57:40 sweep/gemm_64_64_262144                           57.25us cv=0.002    37.5TF    1172GB/s ok
15:57:42 sanity end {'gemm_8192^3': 268.5, 'copy_1GiB': 1376.1}
15:57:42 DONE
