copy 1384.258735969513 read 1424.6956205602412
8192 274.54404656823294
16384 273.3471694684913
gemm_2048_6144_4096                           430.6us   239.4TF     214GB/s
gemm_2048_6144_4096_linear                    411.6us   250.4TF     224GB/s
bmm_1_8192_2048_128                            53.8us    79.9TF     673GB/s
bmm_1_8192_128_2048                            53.2us    80.7TF     679GB/s
gemm_2048_4096_4096                           307.2us   223.7TF     218GB/s
gemm_2048_4096_4096_linear                    310.3us   221.5TF     216GB/s
gemm_2048_14336_4096                          906.2us   265.4TF     213GB/s
gemm_2048_14336_4096_linear                   914.4us   263.0TF     211GB/s
gemm_2048_4096_14336                          885.8us   271.5TF     218GB/s
gemm_2048_4096_14336_linear                   891.9us   269.7TF     216GB/s
gemm_1_128256_4096                            763.9us     1.4TF    1376GB/s
gemm_1_128256_4096_linear                     742.4us     1.4TF    1416GB/s
gemm_1_6144_4096                               66.0us     0.8TF     762GB/s
gemm_1_6144_4096_linear                        60.4us     0.8TF     833GB/s
bmm_8_4_2048_128                               15.4us     1.1TF     282GB/s
bmm_8_4_128_2048                               17.4us     1.0TF     249GB/s
gemm_1_4096_4096                               46.1us     0.7TF     729GB/s
gemm_1_4096_4096_linear                        47.1us     0.7TF     713GB/s
gemm_1_14336_4096                             121.9us     1.0TF     964GB/s
gemm_1_14336_4096_linear                      124.9us     0.9TF     940GB/s
gemm_1_4096_14336                             118.8us     1.0TF     989GB/s
gemm_1_4096_14336_linear                      116.7us     1.0TF    1006GB/s
gemm_8_6144_4096                               69.6us     5.8TF     725GB/s
gemm_8_6144_4096_linear                        63.5us     6.3TF     795GB/s
bmm_64_4_2048_128                              52.2us     2.6TF     664GB/s
bmm_64_4_128_2048                              50.2us     2.7TF     691GB/s
gemm_8_4096_4096                               49.2us     5.5TF     685GB/s
gemm_8_4096_4096_linear                        48.1us     5.6TF     700GB/s
gemm_8_14336_4096                             115.7us     8.1TF    1017GB/s
gemm_8_14336_4096_linear                      127.0us     7.4TF     927GB/s
gemm_8_4096_14336                             118.8us     7.9TF     991GB/s
gemm_8_4096_14336_linear                      116.7us     8.0TF    1009GB/s
gemm_8_128256_4096                            799.7us    10.5TF    1316GB/s
gemm_8_128256_4096_linear                     753.7us    11.2TF    1397GB/s
gemm_32_6144_4096                              63.0us    25.6TF     810GB/s
gemm_32_6144_4096_linear                       62.5us    25.8TF     816GB/s
bmm_256_4_2048_128                            135.2us     4.0TF    1026GB/s
bmm_256_4_128_2048                            133.1us     4.0TF    1042GB/s
gemm_32_4096_4096                              47.1us    22.8TF     723GB/s
gemm_32_4096_4096_linear                       49.2us    21.8TF     693GB/s
gemm_32_14336_4096                            138.2us    27.2TF     858GB/s
gemm_32_14336_4096_linear                     136.2us    27.6TF     871GB/s
gemm_32_4096_14336                            118.8us    31.6TF     999GB/s
gemm_32_4096_14336_linear                     123.9us    30.3TF     957GB/s
gemm_32_128256_4096                           787.5us    42.7TF    1345GB/s
gemm_32_128256_4096_linear                    783.4us    42.9TF    1352GB/s
gemm_1024_1024_1024                            23.0us    93.2TF     273GB/s
gemm_1024_1024_1024_linear                     23.6us    91.2TF     267GB/s
gemm_16_8192_8192                             123.9us    17.3TF    1087GB/s
gemm_16_8192_8192_linear                      130.0us    16.5TF    1036GB/s
gemm_4096_4096_4096                           512.0us   268.4TF     197GB/s
gemm_4096_4096_4096_linear                    514.0us   267.4TF     196GB/s
gemm_256_256_256                               10.2us     3.3TF      38GB/s
gemm_512_512_512                               11.3us    23.8TF     140GB/s
gemm_1024_1024_1024                            23.6us    91.2TF     267GB/s
gemm_2048_2048_2048                           111.6us   153.9TF     225GB/s
gemm_4096_4096_4096                           512.0us   268.4TF     197GB/s
gemm_8192_8192_8192                          4002.3us   274.7TF     101GB/s
gemm_1_4096_4096                               47.1us     0.7TF     713GB/s
gemm_8_4096_4096                               46.1us     5.8TF     731GB/s
gemm_16_4096_4096                              47.1us    11.4TF     718GB/s
gemm_32_4096_4096                              47.1us    22.8TF     723GB/s
gemm_64_4096_4096                              48.1us    44.6TF     719GB/s
gemm_128_4096_4096                             54.8us    78.4TF     651GB/s
gemm_256_4096_4096                             75.8us   113.4TF     498GB/s
gemm_1_8192_8192                              127.0us     1.1TF    1057GB/s
gemm_8_8192_8192                              127.0us     8.5TF    1059GB/s
gemm_16_8192_8192                             127.0us    16.9TF    1061GB/s
gemm_32_8192_8192                             145.4us    29.5TF     930GB/s
gemm_64_8192_8192                             128.0us    67.1TF    1065GB/s
gemm_128_8192_8192                            144.9us   118.6TF     955GB/s
gemm_256_8192_8192                            207.9us   165.3TF     686GB/s
gemm_1_14336_14336                            323.6us     1.3TF    1270GB/s
gemm_8_14336_14336                            325.6us    10.1TF    1264GB/s
gemm_16_14336_14336                           326.1us    20.2TF    1263GB/s
gemm_32_14336_14336                           327.7us    40.1TF    1260GB/s
gemm_64_14336_14336                           327.7us    80.3TF    1266GB/s
gemm_128_14336_14336                          344.1us   152.9TF    1216GB/s
gemm_256_14336_14336                          547.8us   192.1TF     777GB/s
gemm_256_256_65536                             86.0us    99.9TF     782GB/s
gemm_1024_1024_32768                          279.6us   245.8TF     488GB/s
gemm_2048_2048_16384                          529.4us   259.6TF     269GB/s
gemm_128_4096_65536                           454.7us   151.1TF    1220GB/s
gemm_4096_128_65536                           460.8us   149.1TF    1204GB/s
gemm_64_64_262144                              79.9us    26.9TF     840GB/s
DONE
