15:58:55 sanity start {'gemm_8192^3': 271.4, 'copy_1GiB': 1376.1}
15:58:55 launch/sleep0_x1                                   5.12us cv=0.083     0.0TF       0GB/s rejected
15:58:55 launch/sleep0_x10                                  1.33us cv=0.023     0.0TF       0GB/s ok
15:58:55 launch/sleep0_x100                                 0.93us cv=0.005     0.0TF       0GB/s ok
15:58:56 launch/sleep0_x1000                                0.90us cv=0.000     0.0TF       0GB/s ok
15:58:56 launch/add_1elem_x1                                5.12us cv=0.087     0.0TF       0GB/s rejected
15:58:56 launch/add_1elem_x10                               1.74us cv=0.024     0.0TF       0GB/s ok
15:58:56 launch/add_1elem_x100                              1.38us cv=0.003     0.0TF       0GB/s ok
15:58:57 launch/add_1elem_x1000                             1.35us cv=0.000     0.0TF       0GB/s ok
15:58:57 launch/gemm_16_x1                                  6.14us cv=0.050     0.0TF       0GB/s ok
15:58:57 launch/gemm_16_x10                                 2.66us cv=0.019     0.0TF       0GB/s ok
15:58:58 launch/gemm_16_x100                                2.32us cv=0.002     0.0TF       0GB/s ok
15:58:58 launch/gemm_16_x1000                               2.28us cv=0.000     0.0TF       0GB/s ok
15:58:58 launch/gemm_64_x1                                  8.19us cv=0.066     0.0TF       0GB/s ok
15:58:59 launch/gemm_64_x10                                 4.10us cv=0.008     0.0TF       0GB/s ok
15:58:59 launch/gemm_64_x100                                3.73us cv=0.001     0.0TF       0GB/s ok
15:59:00 launch/gemm_64_x1000                               3.68us cv=0.000     0.0TF       0GB/s ok
15:59:00 launch/gemm_128_x1                                 7.17us cv=0.050     0.0TF       0GB/s ok
15:59:00 launch/gemm_128_x10                                3.38us cv=0.014     0.0TF       0GB/s ok
15:59:01 launch/gemm_128_x100                               3.04us cv=0.001     0.0TF       0GB/s ok
15:59:01 launch/gemm_128_x1000                              3.00us cv=0.000     0.0TF       0GB/s ok
15:59:07 power_step/gemm_8192                                nanus cv=0.000     0.0TF       0GB/s ok
15:59:12 power_step/gemm_16384                               nanus cv=0.000     0.0TF       0GB/s ok
15:59:17 power_step/copy_1GiB                                nanus cv=0.000     0.0TF       0GB/s ok
15:59:18 hbm/read_1MiB                                     10.34us cv=0.001     0.1TF     101GB/s ok
15:59:18 hbm/write_1MiB                                     1.61us cv=0.001     0.0TF     653GB/s ok
15:59:19 hbm/copy_1MiB                                      3.08us cv=0.002     0.0TF     682GB/s ok
15:59:19 hbm/read_2MiB                                     11.07us cv=0.001     0.1TF     189GB/s ok
15:59:20 hbm/write_2MiB                                     2.08us cv=0.002     0.0TF    1009GB/s ok
15:59:20 hbm/copy_2MiB                                      4.67us cv=0.003     0.0TF     899GB/s ok
15:59:21 hbm/read_4MiB                                     12.93us cv=0.001     0.2TF     324GB/s ok
15:59:21 hbm/write_4MiB                                     3.15us cv=0.004     0.0TF    1331GB/s ok
15:59:22 hbm/copy_4MiB                                      8.09us cv=0.004     0.0TF    1037GB/s ok
15:59:23 hbm/read_8MiB                                     16.07us cv=0.001     0.3TF     522GB/s ok
15:59:23 hbm/write_8MiB                                     6.17us cv=0.004     0.0TF    1360GB/s ok
15:59:24 hbm/copy_8MiB                                     14.52us cv=0.003     0.0TF    1156GB/s ok
15:59:25 hbm/read_16MiB                                    22.44us cv=0.002     0.4TF     748GB/s ok
15:59:25 hbm/write_16MiB                                   11.95us cv=0.002     0.0TF    1404GB/s ok
15:59:26 hbm/copy_16MiB                                    26.82us cv=0.002     0.0TF    1251GB/s ok
15:59:27 hbm/read_32MiB                                    33.89us cv=0.002     0.5TF     990GB/s ok
15:59:28 hbm/write_32MiB                                   23.10us cv=0.003     0.0TF    1452GB/s ok
15:59:29 hbm/copy_32MiB                                    51.10us cv=0.002     0.0TF    1313GB/s ok
15:59:30 hbm/read_48MiB                                    45.13us cv=0.002     0.6TF    1115GB/s ok
15:59:31 hbm/write_48MiB                                   33.64us cv=0.002     0.0TF    1496GB/s ok
15:59:32 hbm/copy_48MiB                                    75.23us cv=0.001     0.0TF    1338GB/s ok
15:59:33 hbm/read_64MiB                                    56.55us cv=0.002     0.6TF    1187GB/s ok
15:59:34 hbm/write_64MiB                                   44.46us cv=0.002     0.0TF    1509GB/s ok
15:59:35 hbm/copy_64MiB                                    99.38us cv=0.001     0.0TF    1351GB/s ok
15:59:36 hbm/read_128MiB                                  108.60us cv=0.002     0.6TF    1236GB/s ok
15:59:37 hbm/write_128MiB                                  87.72us cv=0.002     0.0TF    1530GB/s ok
15:59:38 hbm/copy_128MiB                                  195.99us cv=0.001     0.0TF    1370GB/s ok
15:59:39 hbm/read_256MiB                                  196.61us cv=0.002     0.7TF    1365GB/s ok
15:59:40 hbm/write_256MiB                                 174.25us cv=0.002     0.0TF    1541GB/s ok
15:59:41 hbm/copy_256MiB                                  389.97us cv=0.001     0.0TF    1377GB/s ok
15:59:42 hbm/read_384MiB                                  288.13us cv=0.002     0.7TF    1397GB/s ok
15:59:43 hbm/write_384MiB                                 260.74us cv=0.002     0.0TF    1544GB/s ok
15:59:45 hbm/copy_384MiB                                  584.19us cv=0.001     0.0TF    1378GB/s ok
15:59:46 hbm/read_512MiB                                  379.73us cv=0.002     0.7TF    1414GB/s ok
15:59:47 hbm/write_512MiB                                 347.31us cv=0.002     0.0TF    1546GB/s ok
15:59:48 hbm/copy_512MiB                                  795.65us cv=0.006     0.0TF    1350GB/s ok
15:59:49 hbm/read_1024MiB                                 747.86us cv=0.015     0.7TF    1436GB/s ok
15:59:51 hbm/write_1024MiB                                693.25us cv=0.006     0.0TF    1549GB/s ok
15:59:52 hbm/copy_1024MiB                                1588.74us cv=0.010     0.0TF    1352GB/s ok
15:59:53 hbm/read_1536MiB                                1113.09us cv=0.022     0.7TF    1447GB/s ok
15:59:54 hbm/write_1536MiB                               1039.36us cv=0.009     0.0TF    1550GB/s ok
15:59:55 hbm/copy_1536MiB                                2382.85us cv=0.012     0.0TF    1352GB/s ok
15:59:57 hbm/read_2048MiB                                1480.19us cv=0.025     0.7TF    1451GB/s ok
15:59:58 hbm/write_2048MiB                               1384.96us cv=0.010     0.0TF    1551GB/s ok
15:59:59 hbm/copy_2048MiB                                3176.45us cv=0.014     0.0TF    1352GB/s ok
16:00:00 hbm/read_4096MiB                                2959.36us cv=0.034     0.7TF    1451GB/s rejected
16:00:02 hbm/write_4096MiB                               2769.92us cv=0.013     0.0TF    1551GB/s ok
16:00:03 hbm/copy_4096MiB                                6529.54us cv=0.013     0.0TF    1316GB/s ok
16:00:04 l2/read_256KiB                                      nanus cv=0.000     0.0TF      31GB/s ok
16:00:04 l2/copy_256KiB                                      nanus cv=0.000     0.0TF     317GB/s ok
16:00:04 l2/read_512KiB                                      nanus cv=0.000     0.0TF      63GB/s ok
16:00:04 l2/copy_512KiB                                      nanus cv=0.000     0.0TF     556GB/s ok
16:00:04 l2/read_1024KiB                                     nanus cv=0.000     0.1TF     123GB/s ok
16:00:05 l2/copy_1024KiB                                     nanus cv=0.000     0.0TF    1194GB/s ok
16:00:05 l2/read_2048KiB                                     nanus cv=0.000     0.1TF     237GB/s ok
16:00:05 l2/copy_2048KiB                                     nanus cv=0.000     0.0TF    1906GB/s ok
16:00:05 l2/read_4096KiB                                     nanus cv=0.000     0.2TF     415GB/s ok
16:00:06 l2/copy_4096KiB                                     nanus cv=0.000     0.0TF    2430GB/s ok
16:00:06 l2/read_8192KiB                                     nanus cv=0.000     0.4TF     718GB/s ok
16:00:06 l2/copy_8192KiB                                     nanus cv=0.000     0.0TF    3176GB/s ok
16:00:07 l2/read_12288KiB                                    nanus cv=0.000     0.5TF    1011GB/s ok
16:00:07 l2/copy_12288KiB                                    nanus cv=0.000     0.0TF    3361GB/s ok
16:00:07 l2/read_16384KiB                                    nanus cv=0.000     0.6TF    1285GB/s ok
16:00:08 l2/copy_16384KiB                                    nanus cv=0.000     0.0TF    1484GB/s ok
16:00:08 l2/read_24576KiB                                    nanus cv=0.000     0.8TF    1686GB/s ok
16:00:09 l2/copy_24576KiB                                    nanus cv=0.000     0.0TF    1295GB/s ok
16:00:09 l2/read_32768KiB                                    nanus cv=0.000     0.7TF    1418GB/s ok
16:00:09 l2/copy_32768KiB                                    nanus cv=0.000     0.0TF    1313GB/s ok
16:00:10 gemv/gemm_1_3072_3072                             20.32us cv=0.003     0.9TF     930GB/s ok
16:00:11 gemv/gemm_1_3072_5120                             29.14us cv=0.002     1.1TF    1080GB/s ok
16:00:12 gemv/gemm_1_3072_10240                            50.97us cv=0.001     1.2TF    1235GB/s ok
16:00:13 gemv/gemm_1_3072_12288                            59.62us cv=0.001     1.3TF    1267GB/s ok
16:00:14 gemv/gemm_1_3072_24576                           112.03us cv=0.001     1.3TF    1348GB/s ok
16:00:15 gemv/gemm_1_5120_3072                             27.67us cv=0.002     1.1TF    1137GB/s ok
16:00:16 gemv/gemm_1_5120_5120                             47.03us cv=0.002     1.1TF    1115GB/s ok
16:00:17 gemv/gemm_1_5120_10240                            84.27us cv=0.002     1.2TF    1245GB/s ok
16:00:18 gemv/gemm_1_5120_12288                            99.30us cv=0.002     1.3TF    1267GB/s ok
16:00:19 gemv/gemm_1_5120_24576                           189.78us cv=0.002     1.3TF    1326GB/s ok
16:00:20 gemv/gemm_1_10240_3072                            50.23us cv=0.002     1.3TF    1253GB/s ok
16:00:21 gemv/gemm_1_10240_5120                            80.51us cv=0.002     1.3TF    1303GB/s ok
16:00:22 gemv/gemm_1_10240_10240                          154.56us cv=0.002     1.4TF    1357GB/s ok
16:00:24 gemv/gemm_1_10240_12288                          184.49us cv=0.002     1.4TF    1364GB/s ok
16:00:25 gemv/gemm_1_10240_24576                          361.47us cv=0.002     1.4TF    1393GB/s ok
16:00:26 gemv/gemm_1_12288_3072                            58.14us cv=0.002     1.3TF    1299GB/s ok
16:00:27 gemv/gemm_1_12288_5120                            93.44us cv=0.002     1.3TF    1347GB/s ok
16:00:28 gemv/gemm_1_12288_10240                          179.46us cv=0.002     1.4TF    1403GB/s ok
16:00:29 gemv/gemm_1_12288_12288                          214.22us cv=0.001     1.4TF    1410GB/s ok
16:00:31 gemv/gemm_1_12288_24576                          431.51us cv=0.002     1.4TF    1400GB/s ok
16:00:32 gemv/gemm_1_24576_3072                           111.46us cv=0.001     1.4TF    1355GB/s ok
16:00:33 gemv/gemm_1_24576_5120                           180.65us cv=0.001     1.4TF    1393GB/s ok
16:00:34 gemv/gemm_1_24576_10240                          359.42us cv=0.002     1.4TF    1401GB/s ok
16:00:35 gemv/gemm_1_24576_12288                          428.44us cv=0.002     1.4TF    1410GB/s ok
16:00:37 gemv/gemm_1_24576_24576                         1349.63us cv=0.014     0.9TF     895GB/s ok
16:00:38 gemv/gemm_4_3072_3072                             17.89us cv=0.002     4.2TF    1058GB/s ok
16:00:39 gemv/gemm_4_3072_5120                             30.71us cv=0.002     4.1TF    1027GB/s ok
16:00:40 gemv/gemm_4_3072_10240                            52.31us cv=0.002     4.8TF    1205GB/s ok
16:00:41 gemv/gemm_4_3072_12288                            60.96us cv=0.001     5.0TF    1240GB/s ok
16:00:42 gemv/gemm_4_3072_24576                           117.89us cv=0.002     5.1TF    1283GB/s ok
16:00:43 gemv/gemm_4_5120_3072                             28.07us cv=0.002     4.5TF    1123GB/s ok
16:00:44 gemv/gemm_4_5120_5120                             45.61us cv=0.002     4.6TF    1151GB/s ok
16:00:45 gemv/gemm_4_5120_10240                            81.41us cv=0.002     5.2TF    1290GB/s ok
16:00:46 gemv/gemm_4_5120_12288                            95.64us cv=0.002     5.3TF    1317GB/s ok
16:00:47 gemv/gemm_4_5120_24576                           188.59us cv=0.002     5.3TF    1336GB/s ok
16:00:48 gemv/gemm_4_10240_3072                            50.23us cv=0.002     5.0TF    1255GB/s ok
16:00:49 gemv/gemm_4_10240_5120                            80.17us cv=0.002     5.2TF    1309GB/s ok
16:00:50 gemv/gemm_4_10240_10240                          155.05us cv=0.002     5.4TF    1354GB/s ok
16:00:52 gemv/gemm_4_10240_12288                          184.79us cv=0.002     5.4TF    1363GB/s ok
16:00:53 gemv/gemm_4_10240_24576                          365.74us cv=0.002     5.5TF    1377GB/s ok
16:00:54 gemv/gemm_4_12288_3072                            58.13us cv=0.002     5.2TF    1301GB/s ok
16:00:55 gemv/gemm_4_12288_5120                            96.87us cv=0.002     5.2TF    1300GB/s ok
16:00:56 gemv/gemm_4_12288_10240                          188.33us cv=0.002     5.3TF    1337GB/s ok
16:00:58 gemv/gemm_4_12288_12288                          224.56us cv=0.002     5.4TF    1346GB/s ok
16:00:59 gemv/gemm_4_12288_24576                          436.43us cv=0.002     5.5TF    1385GB/s ok
16:01:00 gemv/gemm_4_24576_3072                           111.87us cv=0.002     5.4TF    1352GB/s ok
16:01:01 gemv/gemm_4_24576_5120                           180.99us cv=0.002     5.6TF    1392GB/s ok
16:01:03 gemv/gemm_4_24576_10240                          352.60us cv=0.002     5.7TF    1428GB/s ok
16:01:04 gemv/gemm_4_24576_12288                          421.27us cv=0.002     5.7TF    1434GB/s ok
16:01:05 gemv/gemm_4_24576_24576                          837.63us cv=0.016     5.8TF    1443GB/s ok
16:01:06 gemv/gemm_16_3072_3072                            23.35us cv=0.002    12.9TF     817GB/s ok
16:01:07 gemv/gemm_16_3072_5120                            30.81us cv=0.002    16.3TF    1030GB/s ok
16:01:08 gemv/gemm_16_3072_10240                           53.90us cv=0.002    18.7TF    1175GB/s ok
16:01:09 gemv/gemm_16_3072_12288                           62.98us cv=0.002    19.2TF    1207GB/s ok
16:01:11 gemv/gemm_16_3072_24576                          117.70us cv=0.002    20.5TF    1290GB/s ok
16:01:12 gemv/gemm_16_5120_3072                            28.41us cv=0.002    17.7TF    1117GB/s ok
16:01:13 gemv/gemm_16_5120_5120                            46.75us cv=0.002    17.9TF    1128GB/s ok
16:01:14 gemv/gemm_16_5120_10240                           82.73us cv=0.002    20.3TF    1273GB/s ok
16:01:15 gemv/gemm_16_5120_12288                           97.13us cv=0.002    20.7TF    1301GB/s ok
16:01:16 gemv/gemm_16_5120_24576                          189.44us cv=0.003    21.3TF    1333GB/s ok
16:01:17 gemv/gemm_16_10240_3072                           50.89us cv=0.002    19.8TF    1245GB/s ok
16:01:18 gemv/gemm_16_10240_5120                           80.94us cv=0.002    20.7TF    1302GB/s ok
16:01:20 gemv/gemm_16_10240_10240                         155.85us cv=0.002    21.5TF    1350GB/s ok
16:01:21 gemv/gemm_16_10240_12288                         185.86us cv=0.002    21.7TF    1358GB/s ok
16:01:22 gemv/gemm_16_10240_24576                         365.23us cv=0.002    22.0TF    1381GB/s ok
16:01:23 gemv/gemm_16_12288_3072                           58.85us cv=0.002    20.5TF    1291GB/s ok
16:01:25 gemv/gemm_16_12288_5120                           97.79us cv=0.002    20.6TF    1292GB/s ok
16:01:26 gemv/gemm_16_12288_10240                         189.61us cv=0.002    21.2TF    1331GB/s ok
16:01:27 gemv/gemm_16_12288_12288                         226.10us cv=0.002    21.4TF    1339GB/s ok
16:01:29 gemv/gemm_16_12288_24576                         445.85us cv=0.002    21.7TF    1357GB/s ok
16:01:30 gemv/gemm_16_24576_3072                          113.15us cv=0.001    21.4TF    1342GB/s ok
16:01:31 gemv/gemm_16_24576_5120                          182.61us cv=0.002    22.0TF    1383GB/s ok
16:01:32 gemv/gemm_16_24576_10240                         353.96us cv=0.002    22.8TF    1425GB/s ok
16:01:34 gemv/gemm_16_24576_12288                         423.12us cv=0.002    22.8TF    1430GB/s ok
16:01:35 gemv/gemm_16_24576_24576                         835.75us cv=0.017    23.1TF    1447GB/s ok
16:01:36 gemv/gemm_64_3072_3072                            19.42us cv=0.001    62.2TF    1012GB/s ok
16:01:37 gemv/gemm_64_3072_5120                            35.06us cv=0.002    57.4TF     927GB/s ok
16:01:38 gemv/gemm_64_3072_10240                           58.11us cv=0.002    69.3TF    1112GB/s ok
16:01:39 gemv/gemm_64_3072_12288                           66.89us cv=0.002    72.2TF    1158GB/s ok
16:01:41 gemv/gemm_64_3072_24576                          119.94us cv=0.002    80.6TF    1288GB/s ok
16:01:42 gemv/gemm_64_5120_3072                            28.10us cv=0.001    71.6TF    1157GB/s ok
16:01:43 gemv/gemm_64_5120_5120                            45.27us cv=0.003    74.1TF    1187GB/s ok
16:01:44 gemv/gemm_64_5120_10240                           93.06us cv=0.002    72.1TF    1148GB/s ok
16:01:45 gemv/gemm_64_5120_12288                          102.91us cv=0.002    78.3TF    1244GB/s ok
16:01:47 gemv/gemm_64_5120_24576                          189.35us cv=0.002    85.1TF    1349GB/s ok
16:01:48 gemv/gemm_64_10240_3072                           53.02us cv=0.003    75.9TF    1219GB/s ok
16:01:49 gemv/gemm_64_10240_5120                           83.84us cv=0.003    80.0TF    1274GB/s ok
16:01:50 gemv/gemm_64_10240_10240                         161.15us cv=0.003    83.3TF    1318GB/s ok
16:01:52 gemv/gemm_64_10240_12288                         192.51us cv=0.003    83.7TF    1322GB/s ok
16:01:53 gemv/gemm_64_10240_24576                         377.17us cv=0.002    85.4TF    1346GB/s ok
16:01:54 gemv/gemm_64_12288_3072                           60.91us cv=0.002    79.3TF    1272GB/s ok
16:01:55 gemv/gemm_64_12288_5120                           96.41us cv=0.002    83.5TF    1328GB/s ok
16:01:57 gemv/gemm_64_12288_10240                         192.00us cv=0.003    83.9TF    1326GB/s ok
16:01:58 gemv/gemm_64_12288_12288                         226.76us cv=0.002    85.2TF    1346GB/s ok
16:02:00 gemv/gemm_64_12288_24576                         435.61us cv=0.003    88.7TF    1397GB/s ok
16:02:01 gemv/gemm_64_24576_3072                          114.50us cv=0.002    84.4TF    1350GB/s ok
16:02:02 gemv/gemm_64_24576_5120                          183.38us cv=0.002    87.8TF    1393GB/s ok
16:02:03 gemv/gemm_64_24576_10240                         356.01us cv=0.002    90.5TF    1426GB/s ok
16:02:05 gemv/gemm_64_24576_12288                         424.76us cv=0.002    91.0TF    1433GB/s ok
16:02:06 gemv/gemm_64_24576_24576                         861.18us cv=0.016    89.8TF    1410GB/s ok
16:02:07 gemm/gemm_256_256_256                              5.08us cv=0.000     6.6TF      77GB/s ok
16:02:08 gemm/gemm_384_384_384                              5.75us cv=0.000    19.7TF     154GB/s ok
16:02:09 gemm/gemm_512_512_512                              6.40us cv=0.001    42.0TF     246GB/s ok
16:02:10 gemm/gemm_768_768_768                              9.71us cv=0.001    93.3TF     364GB/s ok
16:02:11 gemm/gemm_1024_1024_1024                          17.75us cv=0.000   121.0TF     355GB/s ok
16:02:12 gemm/gemm_1536_1536_1536                          41.77us cv=0.000   173.5TF     339GB/s ok
16:02:13 gemm/gemm_2048_2048_2048                         106.08us cv=0.000   162.0TF     237GB/s ok
16:02:15 gemm/gemm_3072_3072_3072                         242.38us cv=0.009   239.2TF     234GB/s ok
16:02:16 gemm/gemm_6144_6144_6144                        1783.81us cv=0.015   260.0TF     127GB/s ok
16:02:18 gemm/gemm_8192_8192_8192                        4049.41us cv=0.007   271.5TF      99GB/s ok
16:02:20 gemm/gemm_12288_12288_12288                    13560.32us cv=0.011   273.7TF      67GB/s ok
16:02:25 gemm/gemm_16384_16384_16384                    32444.93us cv=0.009   271.1TF      50GB/s ok
16:02:26 gemm/gemm_256_256_8192                            14.38us cv=0.001    74.6TF     592GB/s ok
16:02:28 gemm/gemm_256_256_16384                           23.98us cv=0.001    89.6TF     705GB/s ok
16:02:29 gemm/gemm_256_256_32768                           38.98us cv=0.001   110.2TF     864GB/s ok
16:02:30 gemm/gemm_256_256_65536                           64.77us cv=0.002   132.6TF    1038GB/s ok
16:02:31 gemm/gemm_1024_1024_8192                          86.43us cv=0.003   198.8TF     412GB/s ok
16:02:32 gemm/gemm_1024_1024_16384                        154.56us cv=0.010   222.3TF     448GB/s ok
16:02:34 gemm/gemm_1024_1024_32768                        290.43us cv=0.010   236.6TF     469GB/s ok
16:02:35 gemm/gemm_1024_1024_65536                        576.00us cv=0.011   238.6TF     470GB/s ok
16:02:37 gemm/gemm_2048_2048_8192                         321.15us cv=0.004   214.0TF     235GB/s ok
16:02:38 gemm/gemm_2048_2048_16384                        560.90us cv=0.013   245.0TF     254GB/s ok
16:02:40 gemm/gemm_2048_2048_32768                       1121.28us cv=0.006   245.1TF     247GB/s ok
16:02:41 gemm/gemm_2048_2048_65536                       2223.10us cv=0.015   247.3TF     245GB/s ok
16:02:43 gemm/gemm_512_3072_3072                           44.82us cv=0.015   215.6TF     561GB/s ok
16:02:44 gemm/gemm_512_3072_5120                           70.99us cv=0.009   226.9TF     561GB/s ok
16:02:45 gemm/gemm_512_3072_10240                         142.40us cv=0.011   226.2TF     538GB/s ok
16:02:46 gemm/gemm_512_5120_3072                           79.25us cv=0.000   203.2TF     503GB/s ok
16:02:48 gemm/gemm_512_5120_5120                          128.23us cv=0.004   209.3TF     491GB/s ok
16:02:49 gemm/gemm_512_5120_10240                         261.73us cv=0.004   205.1TF     461GB/s ok
16:02:50 gemm/gemm_512_10240_3072                         158.27us cv=0.005   203.5TF     484GB/s ok
16:02:52 gemm/gemm_512_10240_5120                         255.39us cv=0.004   210.2TF     472GB/s ok
16:02:53 gemm/gemm_512_10240_10240                        427.52us cv=0.029   251.2TF     540GB/s ok
16:02:55 gemm/gemm_2048_3072_3072                         162.34us cv=0.010   238.1TF     271GB/s ok
16:02:56 gemm/gemm_2048_3072_5120                         264.08us cv=0.010   244.0TF     246GB/s ok
16:02:58 gemm/gemm_2048_3072_10240                        514.05us cv=0.008   250.7TF     228GB/s ok
16:02:59 gemm/gemm_2048_5120_3072                         251.45us cv=0.010   256.2TF     259GB/s ok
16:03:01 gemm/gemm_2048_5120_5120                         404.65us cv=0.013   265.4TF     233GB/s ok
16:03:02 gemm/gemm_2048_5120_10240                        806.66us cv=0.022   266.2TF     208GB/s ok
16:03:04 gemm/gemm_2048_10240_3072                        500.12us cv=0.005   257.6TF     235GB/s ok
16:03:05 gemm/gemm_2048_10240_5120                        835.33us cv=0.022   257.1TF     201GB/s ok
16:03:07 gemm/gemm_2048_10240_10240                      1591.30us cv=0.016   269.9TF     185GB/s ok
16:03:08 gemm/gemm_8192_3072_3072                         650.04us cv=0.007   237.9TF     184GB/s ok
16:03:10 gemm/gemm_8192_3072_5120                        1076.48us cv=0.019   239.4TF     154GB/s ok
16:03:12 gemm/gemm_8192_3072_10240                       2060.29us cv=0.006   250.2TF     136GB/s ok
16:03:13 gemm/gemm_8192_5120_3072                         999.94us cv=0.013   257.7TF     166GB/s ok
16:03:15 gemm/gemm_8192_5120_5120                        1643.86us cv=0.020   261.3TF     134GB/s ok
16:03:16 gemm/gemm_8192_5120_10240                       3170.56us cv=0.018   270.9TF     112GB/s ok
16:03:18 gemm/gemm_8192_10240_3072                       2013.70us cv=0.013   255.9TF     140GB/s ok
16:03:20 gemm/gemm_8192_10240_5120                       3258.88us cv=0.005   263.6TF     109GB/s ok
16:03:22 gemm/gemm_8192_10240_10240                      6334.46us cv=0.007   271.2TF      86GB/s ok
16:03:22 bmm/bmm_16_4_1024_128                              8.31us cv=0.001     2.0TF     523GB/s ok
16:03:24 bmm/bmm_16_4_4096_64                              12.29us cv=0.001     2.7TF     726GB/s ok
16:03:25 bmm/bmm_16_4_128_4096                             18.66us cv=0.001     3.6TF     928GB/s ok
16:03:26 bmm/bmm_16_1024_1024_128                          51.57us cv=0.001    83.3TF     813GB/s ok
16:03:27 bmm/bmm_16_1024_4096_64                          277.89us cv=0.000    30.9TF     521GB/s ok
16:03:29 bmm/bmm_16_1024_128_4096                         144.06us cv=0.002   119.3TF    1077GB/s ok
16:03:30 bmm/bmm_128_4_1024_128                            33.62us cv=0.001     4.0TF    1033GB/s ok
16:03:31 bmm/bmm_128_4_4096_64                             66.94us cv=0.001     4.0TF    1066GB/s ok
16:03:33 bmm/bmm_128_4_128_4096                           109.21us cv=0.002     4.9TF    1269GB/s ok
16:03:34 bmm/bmm_128_1024_1024_128                        346.62us cv=0.001    99.1TF     968GB/s ok
16:03:36 bmm/bmm_128_1024_4096_64                        1177.09us cv=0.005    58.4TF     983GB/s ok
16:03:37 bmm/bmm_128_1024_128_4096                        925.01us cv=0.016   148.6TF    1342GB/s ok
16:03:39 ew/add_4KiB                                        1.75us cv=0.000     0.0TF       7GB/s ok
16:03:40 ew/add_16KiB                                       1.84us cv=0.000     0.0TF      27GB/s ok
16:03:41 ew/add_64KiB                                       1.98us cv=0.001     0.0TF      99GB/s ok
16:03:42 ew/add_256KiB                                      2.36us cv=0.001     0.1TF     334GB/s ok
16:03:43 ew/add_1024KiB                                     4.05us cv=0.002     0.1TF     776GB/s ok
16:03:44 ew/add_4096KiB                                    12.21us cv=0.004     0.2TF    1031GB/s ok
16:03:45 ew/add_16384KiB                                   40.03us cv=0.001     0.2TF    1257GB/s ok
16:03:47 ew/add_65536KiB                                  151.01us cv=0.001     0.2TF    1333GB/s ok
16:03:48 ew/add_262144KiB                                 596.22us cv=0.003     0.2TF    1351GB/s ok
16:03:50 ew/add_1048576KiB                               2375.68us cv=0.011     0.2TF    1356GB/s ok
16:03:51 ew/scale_4KiB                                      1.64us cv=0.000     0.0TF       5GB/s ok
16:03:53 ew/scale_16KiB                                     1.76us cv=0.000     0.0TF      19GB/s ok
16:03:54 ew/scale_64KiB                                     1.91us cv=0.000     0.0TF      69GB/s ok
16:03:55 ew/scale_256KiB                                    2.17us cv=0.001     0.1TF     242GB/s ok
16:03:56 ew/scale_1024KiB                                   3.12us cv=0.002     0.2TF     671GB/s ok
16:03:57 ew/scale_4096KiB                                   8.11us cv=0.004     0.3TF    1034GB/s ok
16:03:58 ew/scale_16384KiB                                 27.00us cv=0.002     0.3TF    1243GB/s ok
16:03:59 ew/scale_65536KiB                                 99.43us cv=0.001     0.3TF    1350GB/s ok
16:04:01 ew/scale_262144KiB                               389.46us cv=0.001     0.3TF    1378GB/s ok
16:04:03 ew/scale_1048576KiB                             1551.87us cv=0.013     0.3TF    1384GB/s ok
16:04:04 ew/silu_4KiB                                       2.25us cv=0.000     0.0TF       4GB/s ok
16:04:06 ew/silu_16KiB                                      2.36us cv=0.000     0.0TF      14GB/s ok
16:04:07 ew/silu_64KiB                                      2.51us cv=0.000     0.0TF      52GB/s ok
16:04:08 ew/silu_256KiB                                     2.78us cv=0.001     0.0TF     189GB/s ok
16:04:09 ew/silu_1024KiB                                    3.97us cv=0.001     0.1TF     528GB/s ok
16:04:10 ew/silu_4096KiB                                    8.75us cv=0.004     0.2TF     958GB/s ok
16:04:11 ew/silu_16384KiB                                  28.33us cv=0.002     0.3TF    1185GB/s ok
16:04:13 ew/silu_65536KiB                                 100.10us cv=0.001     0.3TF    1341GB/s ok
16:04:14 ew/silu_262144KiB                                387.75us cv=0.001     0.3TF    1385GB/s ok
16:04:16 ew/silu_1048576KiB                              1537.54us cv=0.014     0.3TF    1397GB/s ok
16:04:17 sanity end {'gemm_8192^3': 272.0, 'copy_1GiB': 1376.1}
16:04:18 DONE
