15:44:49 sanity start {'gemm_8192^3': 248.4, 'copy_1GiB': 1377.0}
15:44:49 launch/sleep0_x1                                   5.12us cv=0.073     0.0TF       0GB/s ok
15:44:49 launch/sleep0_x10                                  1.23us cv=0.040     0.0TF       0GB/s ok
15:44:49 launch/sleep0_x100                                 0.89us cv=0.006     0.0TF       0GB/s ok
15:44:50 launch/sleep0_x1000                                0.86us cv=0.000     0.0TF       0GB/s ok
15:44:50 launch/add_1elem_x1                                5.12us cv=0.090     0.0TF       0GB/s rejected
15:44:50 launch/add_1elem_x10                               1.74us cv=0.024     0.0TF       0GB/s ok
15:44:51 launch/add_1elem_x100                              1.38us cv=0.003     0.0TF       0GB/s ok
15:44:51 launch/add_1elem_x1000                             1.35us cv=0.000     0.0TF       0GB/s ok
15:44:51 launch/gemm_16_x1                                  6.14us cv=0.071     0.0TF       0GB/s ok
15:44:51 launch/gemm_16_x10                                 2.66us cv=0.018     0.0TF       0GB/s ok
15:44:52 launch/gemm_16_x100                                2.31us cv=0.002     0.0TF       0GB/s ok
15:44:53 launch/gemm_16_x1000                               2.28us cv=0.001     0.0TF       0GB/s ok
15:44:53 launch/gemm_64_x1                                  7.17us cv=0.067     0.0TF       0GB/s ok
15:44:53 launch/gemm_64_x10                                 3.99us cv=0.011     0.0TF       0GB/s ok
15:44:53 launch/gemm_64_x100                                3.64us cv=0.001     0.0TF       0GB/s ok
15:44:54 launch/gemm_64_x1000                               3.60us cv=0.000     0.0TF       0GB/s ok
15:44:54 launch/gemm_128_x1                                 7.17us cv=0.053     0.0TF       0GB/s ok
15:44:54 launch/gemm_128_x10                                3.38us cv=0.013     0.0TF       0GB/s ok
15:44:55 launch/gemm_128_x100                               3.02us cv=0.002     0.0TF       0GB/s ok
15:44:56 launch/gemm_128_x1000                              2.98us cv=0.000     0.0TF       0GB/s ok
15:45:01 power_step/gemm_8192                                nanus cv=0.000     0.0TF       0GB/s ok
15:45:06 power_step/gemm_16384                               nanus cv=0.000     0.0TF       0GB/s ok
15:45:11 power_step/copy_1GiB                                nanus cv=0.000     0.0TF       0GB/s ok
15:45:12 hbm/read_1MiB                                     10.34us cv=0.001     0.1TF     101GB/s ok
15:45:12 hbm/write_1MiB                                     1.62us cv=0.000     0.0TF     648GB/s ok
15:45:13 hbm/copy_1MiB                                      3.11us cv=0.002     0.0TF     674GB/s ok
15:45:14 hbm/read_2MiB                                     11.06us cv=0.001     0.1TF     190GB/s ok
15:45:14 hbm/write_2MiB                                     2.07us cv=0.002     0.0TF    1012GB/s ok
15:45:14 hbm/copy_2MiB                                      4.69us cv=0.005     0.0TF     895GB/s ok
15:45:15 hbm/read_4MiB                                     12.78us cv=0.001     0.2TF     328GB/s ok
15:45:16 hbm/write_4MiB                                     3.16us cv=0.004     0.0TF    1326GB/s ok
15:45:16 hbm/copy_4MiB                                      8.11us cv=0.004     0.0TF    1035GB/s ok
15:45:17 hbm/read_8MiB                                     15.96us cv=0.001     0.3TF     526GB/s ok
15:45:17 hbm/write_8MiB                                     6.17us cv=0.003     0.0TF    1359GB/s ok
15:45:18 hbm/copy_8MiB                                     14.54us cv=0.003     0.0TF    1154GB/s ok
15:45:19 hbm/read_16MiB                                    22.30us cv=0.003     0.4TF     752GB/s ok
15:45:20 hbm/write_16MiB                                   11.96us cv=0.002     0.0TF    1403GB/s ok
15:45:21 hbm/copy_16MiB                                    26.83us cv=0.002     0.0TF    1251GB/s ok
15:45:21 hbm/read_32MiB                                    33.90us cv=0.002     0.5TF     990GB/s ok
15:45:22 hbm/write_32MiB                                   23.07us cv=0.003     0.0TF    1455GB/s ok
15:45:23 hbm/copy_32MiB                                    51.11us cv=0.002     0.0TF    1313GB/s ok
15:45:24 hbm/read_48MiB                                    45.13us cv=0.002     0.6TF    1115GB/s ok
15:45:25 hbm/write_48MiB                                   33.66us cv=0.002     0.0TF    1495GB/s ok
15:45:26 hbm/copy_48MiB                                    75.23us cv=0.001     0.0TF    1338GB/s ok
15:45:27 hbm/read_64MiB                                    56.73us cv=0.001     0.6TF    1183GB/s ok
15:45:28 hbm/write_64MiB                                   44.46us cv=0.002     0.0TF    1509GB/s ok
15:45:29 hbm/copy_64MiB                                    99.33us cv=0.001     0.0TF    1351GB/s ok
15:45:30 hbm/read_128MiB                                  108.65us cv=0.002     0.6TF    1235GB/s ok
15:45:31 hbm/write_128MiB                                  87.72us cv=0.002     0.0TF    1530GB/s ok
15:45:32 hbm/copy_128MiB                                  195.89us cv=0.001     0.0TF    1370GB/s ok
15:45:33 hbm/read_256MiB                                  196.61us cv=0.002     0.7TF    1365GB/s ok
15:45:34 hbm/write_256MiB                                 174.25us cv=0.002     0.0TF    1541GB/s ok
15:45:35 hbm/copy_256MiB                                  389.63us cv=0.001     0.0TF    1378GB/s ok
15:45:36 hbm/read_384MiB                                  288.13us cv=0.002     0.7TF    1397GB/s ok
15:45:38 hbm/write_384MiB                                 260.74us cv=0.002     0.0TF    1544GB/s ok
15:45:39 hbm/copy_384MiB                                  583.81us cv=0.004     0.0TF    1379GB/s ok
15:45:40 hbm/read_512MiB                                  379.39us cv=0.001     0.7TF    1415GB/s ok
15:45:41 hbm/write_512MiB                                 347.31us cv=0.002     0.0TF    1546GB/s ok
15:45:42 hbm/copy_512MiB                                  796.33us cv=0.006     0.0TF    1348GB/s ok
15:45:43 hbm/read_1024MiB                                 747.69us cv=0.015     0.7TF    1436GB/s ok
15:45:45 hbm/write_1024MiB                                693.59us cv=0.006     0.0TF    1548GB/s ok
15:45:46 hbm/copy_1024MiB                                1589.76us cv=0.010     0.0TF    1351GB/s ok
15:45:47 hbm/read_1536MiB                                1113.60us cv=0.022     0.7TF    1446GB/s ok
15:45:48 hbm/write_1536MiB                               1039.36us cv=0.008     0.0TF    1550GB/s ok
15:45:50 hbm/copy_1536MiB                                2383.87us cv=0.012     0.0TF    1351GB/s ok
15:45:51 hbm/read_2048MiB                                1480.19us cv=0.025     0.7TF    1451GB/s ok
15:45:52 hbm/write_2048MiB                               1384.45us cv=0.010     0.0TF    1551GB/s ok
15:45:53 hbm/copy_2048MiB                                3178.50us cv=0.014     0.0TF    1351GB/s ok
15:45:55 hbm/read_4096MiB                                2959.36us cv=0.035     0.7TF    1451GB/s rejected
15:45:56 hbm/write_4096MiB                               2772.99us cv=0.013     0.0TF    1549GB/s ok
15:45:57 hbm/copy_4096MiB                                6532.10us cv=0.013     0.0TF    1315GB/s ok
15:45:58 l2/read_256KiB                                      nanus cv=0.000     0.0TF       9GB/s rejected
15:45:58 l2/copy_256KiB                                      nanus cv=0.000     0.0TF      26GB/s rejected
15:45:58 l2/read_512KiB                                      nanus cv=0.000     0.0TF      18GB/s rejected
15:45:58 l2/copy_512KiB                                      nanus cv=0.000     0.0TF      51GB/s rejected
15:45:59 l2/read_1024KiB                                     nanus cv=0.000     0.0TF      37GB/s rejected
15:45:59 l2/copy_1024KiB                                     nanus cv=0.000     0.0TF     102GB/s rejected
15:45:59 l2/read_2048KiB                                     nanus cv=0.000     0.0TF      73GB/s rejected
15:45:59 l2/copy_2048KiB                                     nanus cv=0.000     0.0TF     205GB/s rejected
15:46:00 l2/read_4096KiB                                     nanus cv=0.000     0.1TF     146GB/s rejected
15:46:00 l2/copy_4096KiB                                     nanus cv=0.000     0.0TF     410GB/s rejected
15:46:00 l2/read_8192KiB                                     nanus cv=0.000     0.1TF     293GB/s rejected
15:46:00 l2/copy_8192KiB                                     nanus cv=0.000     0.0TF     862GB/s rejected
15:46:01 l2/read_12288KiB                                    nanus cv=0.000     0.2TF     439GB/s rejected
15:46:01 l2/copy_12288KiB                                    nanus cv=0.000     0.0TF    1890GB/s rejected
15:46:01 l2/read_16384KiB                                    nanus cv=0.000     0.3TF     585GB/s rejected
15:46:02 l2/copy_16384KiB                                    nanus cv=0.000     0.0TF    1260GB/s rejected
15:46:02 l2/read_24576KiB                                    nanus cv=0.000     0.4TF     847GB/s rejected
15:46:03 l2/copy_24576KiB                                    nanus cv=0.000     0.0TF    1170GB/s ok
15:46:03 l2/read_32768KiB                                    nanus cv=0.000     0.6TF    1170GB/s ok
15:46:03 l2/copy_32768KiB                                    nanus cv=0.000     0.0TF    1214GB/s ok
15:46:04 gemv/gemm_1_3072_3072                             20.37us cv=0.003     0.9TF     927GB/s ok
15:46:05 gemv/gemm_1_3072_5120                             29.22us cv=0.001     1.1TF    1077GB/s ok
15:46:06 gemv/gemm_1_3072_10240                            51.09us cv=0.001     1.2TF    1232GB/s ok
15:46:07 gemv/gemm_1_3072_12288                            59.74us cv=0.001     1.3TF    1264GB/s ok
15:46:08 gemv/gemm_1_3072_24576                           112.18us cv=0.001     1.3TF    1347GB/s ok
15:46:09 gemv/gemm_1_5120_3072                             27.80us cv=0.002     1.1TF    1132GB/s ok
15:46:10 gemv/gemm_1_5120_5120                             47.10us cv=0.002     1.1TF    1113GB/s ok
15:46:11 gemv/gemm_1_5120_10240                            84.39us cv=0.002     1.2TF    1243GB/s ok
15:46:12 gemv/gemm_1_5120_12288                            99.43us cv=0.002     1.3TF    1266GB/s ok
15:46:13 gemv/gemm_1_5120_24576                           189.87us cv=0.002     1.3TF    1326GB/s ok
15:46:14 gemv/gemm_1_10240_3072                            50.29us cv=0.002     1.3TF    1252GB/s ok
15:46:15 gemv/gemm_1_10240_5120                            80.55us cv=0.002     1.3TF    1302GB/s ok
15:46:16 gemv/gemm_1_10240_10240                          154.62us cv=0.002     1.4TF    1357GB/s ok
15:46:18 gemv/gemm_1_10240_12288                          184.58us cv=0.002     1.4TF    1364GB/s ok
15:46:19 gemv/gemm_1_10240_24576                          361.64us cv=0.002     1.4TF    1392GB/s ok
15:46:20 gemv/gemm_1_12288_3072                            58.21us cv=0.002     1.3TF    1298GB/s ok
15:46:21 gemv/gemm_1_12288_5120                            93.54us cv=0.002     1.3TF    1346GB/s ok
15:46:22 gemv/gemm_1_12288_10240                          179.63us cv=0.001     1.4TF    1401GB/s ok
15:46:23 gemv/gemm_1_12288_12288                          214.43us cv=0.001     1.4TF    1409GB/s ok
15:46:24 gemv/gemm_1_12288_24576                          432.13us cv=0.002     1.4TF    1398GB/s ok
15:46:26 gemv/gemm_1_24576_3072                           111.56us cv=0.001     1.4TF    1354GB/s ok
15:46:27 gemv/gemm_1_24576_5120                           180.65us cv=0.002     1.4TF    1393GB/s ok
15:46:28 gemv/gemm_1_24576_10240                          359.25us cv=0.002     1.4TF    1401GB/s ok
15:46:29 gemv/gemm_1_24576_12288                          428.34us cv=0.002     1.4TF    1410GB/s ok
15:46:31 gemv/gemm_1_24576_24576                         1352.19us cv=0.014     0.9TF     893GB/s ok
15:46:31 gemv/gemm_4_3072_3072                             17.95us cv=0.002     4.2TF    1054GB/s ok
15:46:32 gemv/gemm_4_3072_5120                             30.72us cv=0.002     4.1TF    1026GB/s ok
15:46:33 gemv/gemm_4_3072_10240                            52.35us cv=0.001     4.8TF    1204GB/s ok
15:46:34 gemv/gemm_4_3072_12288                            61.02us cv=0.002     4.9TF    1239GB/s ok
15:46:35 gemv/gemm_4_3072_24576                           117.89us cv=0.002     5.1TF    1283GB/s ok
15:46:36 gemv/gemm_4_5120_3072                             28.06us cv=0.003     4.5TF    1123GB/s ok
15:46:37 gemv/gemm_4_5120_5120                             45.80us cv=0.002     4.6TF    1147GB/s ok
15:46:38 gemv/gemm_4_5120_10240                            81.62us cv=0.001     5.1TF    1286GB/s ok
15:46:40 gemv/gemm_4_5120_12288                            95.90us cv=0.002     5.2TF    1314GB/s ok
15:46:41 gemv/gemm_4_5120_24576                           189.01us cv=0.002     5.3TF    1333GB/s ok
15:46:42 gemv/gemm_4_10240_3072                            50.32us cv=0.002     5.0TF    1252GB/s ok
15:46:43 gemv/gemm_4_10240_5120                            80.21us cv=0.002     5.2TF    1309GB/s ok
15:46:44 gemv/gemm_4_10240_10240                          154.97us cv=0.002     5.4TF    1354GB/s ok
15:46:45 gemv/gemm_4_10240_12288                          184.92us cv=0.002     5.4TF    1362GB/s ok
15:46:47 gemv/gemm_4_10240_24576                          365.74us cv=0.002     5.5TF    1377GB/s ok
15:46:48 gemv/gemm_4_12288_3072                            58.24us cv=0.002     5.2TF    1298GB/s ok
15:46:49 gemv/gemm_4_12288_5120                            96.87us cv=0.002     5.2TF    1300GB/s ok
15:46:50 gemv/gemm_4_12288_10240                          188.25us cv=0.002     5.3TF    1338GB/s ok
15:46:51 gemv/gemm_4_12288_12288                          224.67us cv=0.002     5.4TF    1345GB/s ok
15:46:53 gemv/gemm_4_12288_24576                          436.43us cv=0.002     5.5TF    1385GB/s ok
15:46:54 gemv/gemm_4_24576_3072                           111.97us cv=0.001     5.4TF    1350GB/s ok
15:46:55 gemv/gemm_4_24576_5120                           181.08us cv=0.002     5.6TF    1391GB/s ok
15:46:56 gemv/gemm_4_24576_10240                          352.26us cv=0.002     5.7TF    1430GB/s ok
15:46:57 gemv/gemm_4_24576_12288                          421.07us cv=0.002     5.7TF    1435GB/s ok
15:46:59 gemv/gemm_4_24576_24576                          836.95us cv=0.017     5.8TF    1444GB/s ok
15:47:00 gemv/gemm_16_3072_3072                            23.34us cv=0.001    12.9TF     817GB/s ok
15:47:01 gemv/gemm_16_3072_5120                            30.90us cv=0.002    16.3TF    1026GB/s ok
15:47:02 gemv/gemm_16_3072_10240                           53.99us cv=0.002    18.6TF    1173GB/s ok
15:47:03 gemv/gemm_16_3072_12288                           63.07us cv=0.002    19.2TF    1205GB/s ok
15:47:04 gemv/gemm_16_3072_24576                          117.89us cv=0.002    20.5TF    1288GB/s ok
15:47:05 gemv/gemm_16_5120_3072                            28.37us cv=0.002    17.7TF    1118GB/s ok
15:47:06 gemv/gemm_16_5120_5120                            46.92us cv=0.002    17.9TF    1124GB/s ok
15:47:07 gemv/gemm_16_5120_10240                           82.92us cv=0.002    20.2TF    1270GB/s ok
15:47:08 gemv/gemm_16_5120_12288                           97.28us cv=0.001    20.7TF    1299GB/s ok
15:47:10 gemv/gemm_16_5120_24576                          189.78us cv=0.002    21.2TF    1331GB/s ok
15:47:11 gemv/gemm_16_10240_3072                           50.94us cv=0.002    19.8TF    1243GB/s ok
15:47:12 gemv/gemm_16_10240_5120                           80.94us cv=0.002    20.7TF    1302GB/s ok
15:47:13 gemv/gemm_16_10240_10240                         155.90us cv=0.002    21.5TF    1349GB/s ok
15:47:14 gemv/gemm_16_10240_12288                         185.86us cv=0.002    21.7TF    1358GB/s ok
15:47:16 gemv/gemm_16_10240_24576                         365.06us cv=0.002    22.1TF    1382GB/s ok
15:47:17 gemv/gemm_16_12288_3072                           58.91us cv=0.002    20.5TF    1290GB/s ok
15:47:18 gemv/gemm_16_12288_5120                           97.79us cv=0.002    20.6TF    1292GB/s ok
15:47:19 gemv/gemm_16_12288_10240                         189.61us cv=0.002    21.2TF    1331GB/s ok
15:47:20 gemv/gemm_16_12288_12288                         226.10us cv=0.002    21.4TF    1339GB/s ok
15:47:22 gemv/gemm_16_12288_24576                         445.85us cv=0.002    21.7TF    1357GB/s ok
15:47:23 gemv/gemm_16_24576_3072                          113.15us cv=0.002    21.4TF    1342GB/s ok
15:47:24 gemv/gemm_16_24576_5120                          182.53us cv=0.001    22.1TF    1384GB/s ok
15:47:26 gemv/gemm_16_24576_10240                         353.62us cv=0.002    22.8TF    1426GB/s ok
15:47:27 gemv/gemm_16_24576_12288                         422.50us cv=0.002    22.9TF    1432GB/s ok
15:47:28 gemv/gemm_16_24576_24576                         835.24us cv=0.017    23.1TF    1448GB/s ok
15:47:29 gemv/gemm_64_3072_3072                            19.55us cv=0.001    61.8TF    1005GB/s ok
15:47:30 gemv/gemm_64_3072_5120                            35.14us cv=0.002    57.3TF     925GB/s ok
15:47:31 gemv/gemm_64_3072_10240                           58.25us cv=0.002    69.1TF    1109GB/s ok
15:47:33 gemv/gemm_64_3072_12288                           67.18us cv=0.002    71.9TF    1153GB/s ok
15:47:34 gemv/gemm_64_3072_24576                          120.26us cv=0.002    80.4TF    1285GB/s ok
15:47:35 gemv/gemm_64_5120_3072                            28.21us cv=0.002    71.4TF    1152GB/s ok
15:47:36 gemv/gemm_64_5120_5120                            45.34us cv=0.003    74.0TF    1185GB/s ok
15:47:37 gemv/gemm_64_5120_10240                           93.18us cv=0.002    72.0TF    1146GB/s ok
15:47:38 gemv/gemm_64_5120_12288                          102.71us cv=0.001    78.4TF    1247GB/s ok
15:47:40 gemv/gemm_64_5120_24576                          189.10us cv=0.002    85.2TF    1351GB/s ok
15:47:41 gemv/gemm_64_10240_3072                           53.08us cv=0.003    75.9TF    1217GB/s ok
15:47:42 gemv/gemm_64_10240_5120                           83.93us cv=0.003    80.0TF    1273GB/s ok
15:47:43 gemv/gemm_64_10240_10240                         161.28us cv=0.003    83.2TF    1317GB/s ok
15:47:45 gemv/gemm_64_10240_12288                         192.51us cv=0.003    83.7TF    1322GB/s ok
15:47:46 gemv/gemm_64_10240_24576                         377.00us cv=0.003    85.4TF    1347GB/s ok
15:47:47 gemv/gemm_64_12288_3072                           61.06us cv=0.002    79.1TF    1269GB/s ok
15:47:48 gemv/gemm_64_12288_5120                           96.56us cv=0.002    83.4TF    1326GB/s ok
15:47:50 gemv/gemm_64_12288_10240                         192.34us cv=0.002    83.7TF    1323GB/s ok
15:47:51 gemv/gemm_64_12288_12288                         227.12us cv=0.003    85.1TF    1343GB/s ok
15:47:53 gemv/gemm_64_12288_24576                         435.61us cv=0.003    88.7TF    1397GB/s ok
15:47:54 gemv/gemm_64_24576_3072                          114.43us cv=0.002    84.4TF    1350GB/s ok
15:47:55 gemv/gemm_64_24576_5120                          183.30us cv=0.002    87.9TF    1394GB/s ok
15:47:56 gemv/gemm_64_24576_10240                         355.50us cv=0.002    90.6TF    1428GB/s ok
15:47:58 gemv/gemm_64_24576_12288                         424.14us cv=0.003    91.1TF    1435GB/s ok
15:47:59 gemv/gemm_64_24576_24576                         861.53us cv=0.015    89.7TF    1409GB/s ok
15:48:00 gemm/gemm_256_256_256                              5.08us cv=0.000     6.6TF      77GB/s ok
15:48:01 gemm/gemm_384_384_384                              5.75us cv=0.000    19.7TF     154GB/s ok
15:48:02 gemm/gemm_512_512_512                              6.46us cv=0.001    41.6TF     244GB/s ok
15:48:03 gemm/gemm_768_768_768                              9.78us cv=0.001    92.7TF     362GB/s ok
15:48:04 gemm/gemm_1024_1024_1024                          17.80us cv=0.001   120.6TF     353GB/s ok
15:48:05 gemm/gemm_1536_1536_1536                          41.75us cv=0.000   173.6TF     339GB/s ok
15:48:06 gemm/gemm_2048_2048_2048                         106.03us cv=0.000   162.0TF     237GB/s ok
15:48:07 gemm/gemm_3072_3072_3072                         248.32us cv=0.013   233.5TF     228GB/s ok
15:48:09 gemm/gemm_6144_6144_6144                        1785.51us cv=0.008   259.8TF     127GB/s ok
15:48:11 gemm/gemm_8192_8192_8192                        4106.24us cv=0.009   267.8TF      98GB/s ok
15:48:13 gemm/gemm_12288_12288_12288                    13890.56us cv=0.007   267.1TF      65GB/s ok
15:48:19 gemm/gemm_16384_16384_16384                    32616.45us cv=0.008   269.7TF      49GB/s ok
15:48:19 gemm/gemm_256_256_8192                            14.52us cv=0.001    73.9TF     587GB/s ok
15:48:21 gemm/gemm_256_256_16384                           24.11us cv=0.001    89.1TF     701GB/s ok
15:48:22 gemm/gemm_256_256_32768                           39.15us cv=0.001   109.7TF     860GB/s ok
15:48:23 gemm/gemm_256_256_65536                           64.99us cv=0.001   132.2TF    1035GB/s ok
15:48:24 gemm/gemm_1024_1024_8192                          89.71us cv=0.008   191.5TF     397GB/s ok
15:48:25 gemm/gemm_1024_1024_16384                        158.24us cv=0.013   217.1TF     437GB/s ok
15:48:27 gemm/gemm_1024_1024_32768                        295.17us cv=0.012   232.8TF     462GB/s ok
15:48:28 gemm/gemm_1024_1024_65536                        586.50us cv=0.008   234.3TF     461GB/s ok
15:48:30 gemm/gemm_2048_2048_8192                         324.48us cv=0.007   211.8TF     233GB/s ok
15:48:31 gemm/gemm_2048_2048_16384                        573.44us cv=0.013   239.7TF     249GB/s ok
15:48:33 gemm/gemm_2048_2048_32768                       1145.86us cv=0.011   239.9TF     242GB/s ok
15:48:34 gemm/gemm_2048_2048_65536                       2249.73us cv=0.009   244.4TF     242GB/s ok
15:48:36 gemm/gemm_512_3072_3072                           45.43us cv=0.018   212.7TF     554GB/s ok
15:48:37 gemm/gemm_512_3072_5120                           71.75us cv=0.014   224.5TF     555GB/s ok
15:48:38 gemm/gemm_512_3072_10240                         144.38us cv=0.008   223.1TF     530GB/s ok
15:48:39 gemm/gemm_512_5120_3072                           80.90us cv=0.005   199.1TF     493GB/s ok
15:48:41 gemm/gemm_512_5120_5120                          129.76us cv=0.005   206.9TF     485GB/s ok
15:48:42 gemm/gemm_512_5120_10240                         264.91us cv=0.004   202.7TF     455GB/s ok
15:48:44 gemm/gemm_512_10240_3072                         160.10us cv=0.004   201.2TF     478GB/s ok
15:48:45 gemm/gemm_512_10240_5120                         260.51us cv=0.008   206.1TF     463GB/s ok
15:48:47 gemm/gemm_512_10240_10240                        432.64us cv=0.023   248.2TF     533GB/s ok
15:48:48 gemm/gemm_2048_3072_3072                         165.81us cv=0.012   233.1TF     266GB/s ok
15:48:49 gemm/gemm_2048_3072_5120                         266.98us cv=0.014   241.3TF     244GB/s ok
15:48:51 gemm/gemm_2048_3072_10240                        520.60us cv=0.001   247.5TF     226GB/s ok
15:48:52 gemm/gemm_2048_5120_3072                         254.18us cv=0.011   253.5TF     256GB/s ok
15:48:54 gemm/gemm_2048_5120_5120                         414.21us cv=0.018   259.2TF     228GB/s ok
15:48:56 gemm/gemm_2048_5120_10240                        827.39us cv=0.024   259.5TF     203GB/s ok
15:48:57 gemm/gemm_2048_10240_3072                        511.39us cv=0.018   252.0TF     230GB/s ok
15:48:59 gemm/gemm_2048_10240_5120                        834.69us cv=0.019   257.3TF     201GB/s ok
15:49:00 gemm/gemm_2048_10240_10240                      1627.14us cv=0.016   264.0TF     180GB/s ok
15:49:02 gemm/gemm_8192_3072_3072                         653.72us cv=0.010   236.5TF     183GB/s ok
15:49:03 gemm/gemm_8192_3072_5120                        1074.94us cv=0.019   239.7TF     154GB/s ok
15:49:05 gemm/gemm_8192_3072_10240                       2125.57us cv=0.010   242.5TF     132GB/s ok
15:49:06 gemm/gemm_8192_5120_3072                        1024.77us cv=0.007   251.5TF     162GB/s ok
15:49:08 gemm/gemm_8192_5120_5120                        1656.15us cv=0.010   259.3TF     133GB/s ok
15:49:10 gemm/gemm_8192_5120_10240                       3250.69us cv=0.013   264.2TF     110GB/s ok
15:49:11 gemm/gemm_8192_10240_3072                       2035.20us cv=0.010   253.2TF     138GB/s ok
15:49:13 gemm/gemm_8192_10240_5120                       3296.26us cv=0.006   260.6TF     108GB/s ok
15:49:15 gemm/gemm_8192_10240_10240                      6481.92us cv=0.014   265.0TF      84GB/s ok
15:49:16 bmm/bmm_16_4_1024_128                              8.33us cv=0.001     2.0TF     521GB/s ok
15:49:17 bmm/bmm_16_4_4096_64                              12.27us cv=0.001     2.7TF     727GB/s ok
15:49:18 bmm/bmm_16_4_128_4096                             18.65us cv=0.001     3.6TF     929GB/s ok
15:49:19 bmm/bmm_16_1024_1024_128                          51.62us cv=0.001    83.2TF     813GB/s ok
15:49:21 bmm/bmm_16_1024_4096_64                          283.26us cv=0.005    30.3TF     511GB/s ok
15:49:22 bmm/bmm_16_1024_128_4096                         144.19us cv=0.002   119.1TF    1076GB/s ok
15:49:23 bmm/bmm_128_4_1024_128                            33.65us cv=0.001     4.0TF    1032GB/s ok
15:49:24 bmm/bmm_128_4_4096_64                             66.98us cv=0.001     4.0TF    1066GB/s ok
15:49:26 bmm/bmm_128_4_128_4096                           109.26us cv=0.002     4.9TF    1268GB/s ok
15:49:27 bmm/bmm_128_1024_1024_128                        350.04us cv=0.003    98.2TF     959GB/s ok
15:49:29 bmm/bmm_128_1024_4096_64                        1175.04us cv=0.003    58.5TF     985GB/s ok
15:49:30 bmm/bmm_128_1024_128_4096                        927.74us cv=0.016   148.1TF    1338GB/s ok
15:49:32 ew/add_4KiB                                        1.73us cv=0.000     0.0TF       7GB/s ok
15:49:33 ew/add_16KiB                                       1.83us cv=0.000     0.0TF      27GB/s ok
15:49:34 ew/add_64KiB                                       2.00us cv=0.000     0.0TF      99GB/s ok
15:49:35 ew/add_256KiB                                      2.37us cv=0.001     0.1TF     331GB/s ok
15:49:36 ew/add_1024KiB                                     4.08us cv=0.002     0.1TF     770GB/s ok
15:49:37 ew/add_4096KiB                                    12.22us cv=0.004     0.2TF    1029GB/s ok
15:49:38 ew/add_16384KiB                                   40.03us cv=0.001     0.2TF    1257GB/s ok
15:49:40 ew/add_65536KiB                                  151.01us cv=0.001     0.2TF    1333GB/s ok
15:49:41 ew/add_262144KiB                                 596.22us cv=0.004     0.2TF    1351GB/s ok
15:49:43 ew/add_1048576KiB                               2375.68us cv=0.011     0.2TF    1356GB/s ok
15:49:44 ew/scale_4KiB                                      1.66us cv=0.000     0.0TF       5GB/s ok
15:49:46 ew/scale_16KiB                                     1.76us cv=0.000     0.0TF      19GB/s ok
15:49:47 ew/scale_64KiB                                     1.93us cv=0.000     0.0TF      68GB/s ok
15:49:48 ew/scale_256KiB                                    2.18us cv=0.001     0.1TF     240GB/s ok
15:49:49 ew/scale_1024KiB                                   3.14us cv=0.002     0.2TF     667GB/s ok
15:49:50 ew/scale_4096KiB                                   8.14us cv=0.005     0.3TF    1031GB/s ok
15:49:51 ew/scale_16384KiB                                 27.00us cv=0.002     0.3TF    1243GB/s ok
15:49:52 ew/scale_65536KiB                                 99.43us cv=0.001     0.3TF    1350GB/s ok
15:49:54 ew/scale_262144KiB                               389.29us cv=0.001     0.3TF    1379GB/s ok
15:49:56 ew/scale_1048576KiB                             1551.87us cv=0.013     0.3TF    1384GB/s ok
15:49:57 ew/silu_4KiB                                       2.26us cv=0.000     0.0TF       4GB/s ok
15:49:59 ew/silu_16KiB                                      2.35us cv=0.000     0.0TF      14GB/s ok
15:50:00 ew/silu_64KiB                                      2.53us cv=0.000     0.0TF      52GB/s ok
15:50:01 ew/silu_256KiB                                     2.80us cv=0.000     0.0TF     187GB/s ok
15:50:02 ew/silu_1024KiB                                    4.00us cv=0.001     0.1TF     525GB/s ok
15:50:03 ew/silu_4096KiB                                    8.76us cv=0.004     0.2TF     958GB/s ok
15:50:04 ew/silu_16384KiB                                  28.31us cv=0.002     0.3TF    1185GB/s ok
15:50:06 ew/silu_65536KiB                                 100.15us cv=0.001     0.3TF    1340GB/s ok
15:50:07 ew/silu_262144KiB                                387.75us cv=0.000     0.3TF    1385GB/s ok
15:50:09 ew/silu_1048576KiB                              1538.05us cv=0.014     0.3TF    1396GB/s ok
15:50:10 sanity end {'gemm_8192^3': 270.7, 'copy_1GiB': 1377.0}
15:50:11 DONE
