16:12:11 sanity start {'gemm_8192^3': 271.4, 'copy_1GiB': 1376.1}
16:12:12 gemm_2048_6144_4096                              420.69us cv=0.006   245.0TF     219GB/s ok
16:12:13 gemm_2048_6144_4096_linear                       424.62us cv=0.008   242.8TF     217GB/s ok
16:12:14 bmm_1_8192_2048_128                               48.33us cv=0.001    88.9TF     748GB/s ok
16:12:15 bmm_1_8192_128_2048                               37.59us cv=0.001   114.3TF     962GB/s ok
16:12:16 gemm_2048_4096_4096                              308.61us cv=0.004   222.7TF     217GB/s ok
16:12:17 gemm_2048_4096_4096_linear                       311.17us cv=0.004   220.8TF     216GB/s ok
16:12:18 gemm_2048_14336_4096                             973.14us cv=0.014   247.2TF     198GB/s ok
16:12:19 gemm_2048_14336_4096_linear                      972.12us cv=0.011   247.4TF     198GB/s ok
16:12:20 gemm_2048_4096_14336                             957.78us cv=0.020   251.1TF     201GB/s ok
16:12:21 gemm_2048_4096_14336_linear                      967.34us cv=0.021   248.6TF     199GB/s ok
16:12:23 gemm_1_128256_4096                               742.06us cv=0.017     1.4TF    1416GB/s ok
16:12:24 gemm_1_128256_4096_linear                        721.92us cv=0.019     1.5TF    1456GB/s ok
16:12:24 gemm_1_6144_4096                                  45.03us cv=0.001     1.1TF    1118GB/s ok
16:12:25 gemm_1_6144_4096_linear                           41.03us cv=0.002     1.2TF    1227GB/s ok
16:12:26 bmm_8_4_2048_128                                   8.30us cv=0.001     2.0TF     522GB/s ok
16:12:26 bmm_8_4_128_2048                                  11.00us cv=0.001     1.5TF     394GB/s ok
16:12:27 gemm_1_4096_4096                                  28.89us cv=0.002     1.2TF    1162GB/s ok
16:12:28 gemm_1_4096_4096_linear                           28.48us cv=0.001     1.2TF    1179GB/s ok
16:12:29 gemm_1_14336_4096                                 93.43us cv=0.002     1.3TF    1257GB/s ok
16:12:30 gemm_1_14336_4096_linear                          96.77us cv=0.001     1.2TF    1214GB/s ok
16:12:31 gemm_1_4096_14336                                 94.46us cv=0.002     1.2TF    1244GB/s ok
16:12:32 gemm_1_4096_14336_linear                          92.26us cv=0.001     1.3TF    1273GB/s ok
16:12:32 gemm_8_6144_4096                                  44.96us cv=0.001     9.0TF    1123GB/s ok
16:12:33 gemm_8_6144_4096_linear                           41.19us cv=0.002     9.8TF    1226GB/s ok
16:12:34 bmm_64_4_2048_128                                 34.40us cv=0.003     3.9TF    1008GB/s ok
16:12:35 bmm_64_4_128_2048                                 31.78us cv=0.003     4.2TF    1091GB/s ok
16:12:36 gemm_8_4096_4096                                  29.59us cv=0.002     9.1TF    1139GB/s ok
16:12:37 gemm_8_4096_4096_linear                           28.78us cv=0.001     9.3TF    1170GB/s ok
16:12:37 gemm_8_14336_4096                                 91.96us cv=0.002    10.2TF    1280GB/s ok
16:12:38 gemm_8_14336_4096_linear                          99.99us cv=0.001     9.4TF    1177GB/s ok
16:12:39 gemm_8_4096_14336                                 91.70us cv=0.002    10.2TF    1284GB/s ok
16:12:40 gemm_8_4096_14336_linear                          92.72us cv=0.001    10.1TF    1270GB/s ok
16:12:41 gemm_8_128256_4096                               765.61us cv=0.013    11.0TF    1375GB/s ok
16:12:43 gemm_8_128256_4096_linear                        734.55us cv=0.016    11.4TF    1433GB/s ok
16:12:43 gemm_32_6144_4096                                 42.33us cv=0.002    38.0TF    1204GB/s ok
16:12:44 gemm_32_6144_4096_linear                          42.19us cv=0.002    38.2TF    1208GB/s ok
16:12:45 bmm_256_4_2048_128                               119.68us cv=0.001     4.5TF    1159GB/s ok
16:12:46 bmm_256_4_128_2048                               109.72us cv=0.002     4.9TF    1264GB/s ok
16:12:47 gemm_32_4096_4096                                 30.18us cv=0.003    35.6TF    1129GB/s ok
16:12:48 gemm_32_4096_4096_linear                          29.26us cv=0.001    36.7TF    1165GB/s ok
16:12:49 gemm_32_14336_4096                               107.62us cv=0.002    34.9TF    1102GB/s ok
16:12:50 gemm_32_14336_4096_linear                        108.65us cv=0.001    34.6TF    1092GB/s ok
16:12:51 gemm_32_4096_14336                                93.13us cv=0.002    40.4TF    1274GB/s ok
16:12:52 gemm_32_4096_14336_linear                        101.17us cv=0.001    37.1TF    1172GB/s ok
16:12:53 gemm_32_128256_4096                              761.86us cv=0.013    44.1TF    1390GB/s ok
16:12:54 gemm_32_128256_4096_linear                       768.68us cv=0.017    43.7TF    1378GB/s ok
16:12:55 gemm_1024_1024_1024                               17.75us cv=0.000   121.0TF     354GB/s ok
16:12:56 gemm_1024_1024_1024_linear                        17.73us cv=0.000   121.1TF     355GB/s ok
16:12:57 gemm_16_8192_8192                                103.42us cv=0.002    20.8TF    1303GB/s ok
16:12:58 gemm_16_8192_8192_linear                         109.06us cv=0.002    19.7TF    1236GB/s ok
16:12:59 gemm_4096_4096_4096                              540.93us cv=0.007   254.1TF     186GB/s ok
16:13:00 gemm_4096_4096_4096_linear                       549.21us cv=0.016   250.3TF     183GB/s ok
16:13:07 decode_b1/rmsnorm                                 16.59us cv=0.001     0.0TF       1GB/s ok
16:13:19 decode_b1/rope_qk                                 32.29us cv=0.001     0.0TF       1GB/s ok
16:13:20 decode_b1/kv_write                                 3.33us cv=0.000     0.0TF       1GB/s ok
16:13:22 decode_b1/softmax                                 16.88us cv=0.000     0.0TF      16GB/s ok
16:13:23 decode_b1/residual_add                             1.75us cv=0.000     0.0TF      14GB/s ok
16:13:24 decode_b1/silu_mul                                 4.10us cv=0.000     0.0TF      21GB/s ok
16:13:24 decode_b1/embedding                                2.18us cv=0.000     0.0TF       8GB/s ok
16:13:27 decode_b1/argmax                                  51.94us cv=0.000     0.0TF       5GB/s ok
16:13:29 decode_b8/rmsnorm                                 22.64us cv=0.000     0.0TF       6GB/s ok
16:13:32 decode_b8/rope_qk                                 33.88us cv=0.000     0.0TF       5GB/s ok
16:13:33 decode_b8/kv_write                                 3.75us cv=0.000     0.0TF       4GB/s ok
16:13:34 decode_b8/softmax                                 19.70us cv=0.000     0.0TF     106GB/s ok
16:13:35 decode_b8/residual_add                             1.89us cv=0.000     0.0TF     104GB/s ok
16:13:35 decode_b8/silu_mul                                 4.59us cv=0.000     0.0TF     150GB/s ok
16:13:36 decode_b8/embedding                                8.63us cv=0.000     0.0TF      15GB/s ok
16:13:37 decode_b8/argmax                                  53.40us cv=0.001     0.0TF      38GB/s ok
16:13:38 decode_b32/rmsnorm                                29.25us cv=0.000     0.0TF      18GB/s ok
16:13:39 decode_b32/rope_qk                                35.96us cv=0.000     0.0TF      18GB/s ok
16:13:40 decode_b32/kv_write                                3.95us cv=0.000     0.0TF      17GB/s ok
16:13:41 decode_b32/softmax                                36.21us cv=0.001     0.0TF     232GB/s ok
16:13:42 decode_b32/residual_add                            2.19us cv=0.001     0.0TF     359GB/s ok
16:13:42 decode_b32/silu_mul                                5.94us cv=0.001     0.0TF     464GB/s ok
16:13:43 decode_b32/embedding                               2.57us cv=0.001     0.0TF     204GB/s ok
16:13:44 decode_b32/argmax                                 54.57us cv=0.001     0.0TF     150GB/s ok
16:13:45 prefill_b1/rmsnorm                               256.90us cv=0.001     0.0TF     131GB/s ok
16:13:51 prefill_b1/rmsnorm_final                          16.64us cv=0.001     0.0TF       1GB/s ok
16:13:52 prefill_b1/rope_qk                               167.90us cv=0.001     0.0TF     250GB/s ok
16:13:53 prefill_b1/kv_write                               12.78us cv=0.001     0.0TF     657GB/s ok
16:13:54 prefill_b1/q_permute                              39.64us cv=0.000     0.0TF     847GB/s ok
16:13:55 prefill_b1/o_permute                              39.89us cv=0.000     0.0TF     841GB/s ok
16:13:56 prefill_b1/softmax                              4062.21us cv=0.009     0.0TF     132GB/s ok
16:13:57 prefill_b1/residual_add                           39.66us cv=0.001     0.0TF    1269GB/s ok
16:13:59 prefill_b1/silu_mul                              219.39us cv=0.001     0.0TF     803GB/s ok
16:13:59 prefill_b1/embedding                              24.97us cv=0.002     0.0TF    1344GB/s ok
16:14:02 prefill_b1/argmax                                 51.94us cv=0.000     0.0TF       5GB/s ok
16:14:02 sweep/gemm_256_256_256                             5.08us cv=0.000     6.6TF      77GB/s ok
16:14:03 sweep/gemm_512_512_512                             6.40us cv=0.001    42.0TF     246GB/s ok
16:14:04 sweep/gemm_1024_1024_1024                         17.75us cv=0.002   121.0TF     354GB/s ok
16:14:05 sweep/gemm_2048_2048_2048                        106.12us cv=0.000   161.9TF     237GB/s ok
16:14:06 sweep/gemm_4096_4096_4096                        538.45us cv=0.020   255.2TF     187GB/s ok
16:14:08 sweep/gemm_8192_8192_8192                       4049.92us cv=0.010   271.5TF      99GB/s ok
16:14:09 sweep/gemm_1_4096_4096                            28.88us cv=0.002     1.2TF    1162GB/s ok
16:14:10 sweep/gemm_8_4096_4096                            29.63us cv=0.002     9.1TF    1137GB/s ok
16:14:11 sweep/gemm_16_4096_4096                           29.30us cv=0.002    18.3TF    1154GB/s ok
16:14:11 sweep/gemm_32_4096_4096                           30.16us cv=0.002    35.6TF    1130GB/s ok
16:14:12 sweep/gemm_64_4096_4096                           30.74us cv=0.003    69.9TF    1126GB/s ok
16:14:13 sweep/gemm_128_4096_4096                          40.77us cv=0.002   105.4TF     874GB/s ok
16:14:14 sweep/gemm_256_4096_4096                          53.86us cv=0.002   159.5TF     701GB/s ok
16:14:15 sweep/gemm_1_8192_8192                           102.50us cv=0.002     1.3TF    1310GB/s ok
16:14:17 sweep/gemm_8_8192_8192                           103.01us cv=0.002    10.4TF    1305GB/s ok
16:14:18 sweep/gemm_16_8192_8192                          103.48us cv=0.002    20.8TF    1302GB/s ok
16:14:19 sweep/gemm_32_8192_8192                          113.73us cv=0.003    37.8TF    1189GB/s ok
16:14:20 sweep/gemm_64_8192_8192                          106.75us cv=0.003    80.5TF    1277GB/s ok
16:14:21 sweep/gemm_128_8192_8192                         118.98us cv=0.003   144.4TF    1163GB/s ok
16:14:22 sweep/gemm_256_8192_8192                         166.14us cv=0.011   206.8TF     858GB/s ok
16:14:24 sweep/gemm_1_14336_14336                         300.80us cv=0.002     1.4TF    1367GB/s ok
16:14:25 sweep/gemm_8_14336_14336                         305.02us cv=0.002    10.8TF    1349GB/s ok
16:14:26 sweep/gemm_16_14336_14336                        306.18us cv=0.003    21.5TF    1345GB/s ok
16:14:27 sweep/gemm_32_14336_14336                        305.79us cv=0.002    43.0TF    1350GB/s ok
16:14:29 sweep/gemm_64_14336_14336                        307.78us cv=0.002    85.5TF    1347GB/s ok
16:14:30 sweep/gemm_128_14336_14336                       326.40us cv=0.003   161.2TF    1282GB/s ok
16:14:31 sweep/gemm_256_14336_14336                       539.14us cv=0.003   195.2TF     790GB/s ok
16:14:32 sweep/gemm_256_256_65536                          64.70us cv=0.001   132.8TF    1039GB/s ok
16:14:34 sweep/gemm_1024_1024_32768                       290.30us cv=0.010   236.7TF     470GB/s ok
16:14:35 sweep/gemm_2048_2048_16384                       560.90us cv=0.013   245.0TF     254GB/s ok
16:14:36 sweep/gemm_128_4096_65536                        437.66us cv=0.003   157.0TF    1267GB/s ok
16:14:38 sweep/gemm_4096_128_65536                        442.47us cv=0.002   155.3TF    1254GB/s ok
16:14:39 sweep/gemm_64_64_262144                           57.18us cv=0.002    37.6TF    1174GB/s ok
16:14:40 sanity end {'gemm_8192^3': 271.4, 'copy_1GiB': 1376.1}
16:14:40 DONE
