/usr/local/lib/python3.13/dist-packages/jax/_src/cloud_tpu_init.py:86: UserWarning: Transparent hugepages are not enabled. TPU runtime startup and shutdown time should be significantly improved on TPU v5e and newer. If not already set, you may need to enable transparent hugepages in your VM image (sudo sh -c "echo always > /sys/kernel/mm/transparent_hugepage/enabled")
  warnings.warn(
16:07:36 hbm/read_8MiB                                best=     10.77us single=    133.4us loop_cv=0.022     0.4TF     779GB/s ok
16:07:37 hbm/write_8MiB                               best=      9.22us single=    166.4us loop_cv=0.001     0.0TF     910GB/s ok
16:07:38 hbm/copy_8MiB                                best=     15.53us single=    150.1us loop_cv=0.002     0.0TF    1080GB/s ok
16:07:39 hbm/read_16MiB                               best=     17.51us single=    150.8us loop_cv=0.002     0.5TF     958GB/s ok
16:07:40 hbm/write_16MiB                              best=     14.44us single=    158.5us loop_cv=0.000     0.0TF    1162GB/s ok
16:07:41 hbm/copy_16MiB                               best=     28.87us single=    160.9us loop_cv=0.012     0.0TF    1162GB/s ok
16:07:43 hbm/read_32MiB                               best=     30.82us single=    160.4us loop_cv=0.010     0.5TF    1089GB/s ok
16:07:43 hbm/write_32MiB                              best=     25.65us single=    181.0us loop_cv=0.004     0.0TF    1308GB/s ok
16:07:44 hbm/copy_32MiB                               best=     55.45us single=    191.1us loop_cv=0.019     0.0TF    1210GB/s ok
16:07:46 hbm/read_48MiB                               best=     43.40us single=    171.5us loop_cv=0.012     0.6TF    1160GB/s ok
16:07:47 hbm/write_48MiB                              best=     38.94us single=    195.6us loop_cv=0.008     0.0TF    1293GB/s ok
16:07:48 hbm/copy_48MiB                               best=     77.61us single=    203.3us loop_cv=0.017     0.0TF    1297GB/s ok
16:07:49 hbm/read_64MiB                               best=     55.21us single=    171.6us loop_cv=0.035     0.6TF    1215GB/s rejected
16:07:50 hbm/write_64MiB                              best=     52.34us single=    241.4us loop_cv=0.003     0.0TF    1282GB/s ok
16:07:51 hbm/copy_64MiB                               best=    101.53us single=    241.6us loop_cv=0.017     0.0TF    1322GB/s ok
16:07:53 hbm/read_128MiB                              best=     97.77us single=    233.9us loop_cv=0.020     0.7TF    1373GB/s ok
16:07:54 hbm/write_128MiB                             best=    105.50us single=    353.1us loop_cv=0.016     0.0TF    1272GB/s ok
16:07:55 hbm/copy_128MiB                              best=    196.67us single=    380.0us loop_cv=0.016     0.0TF    1365GB/s ok
16:07:57 hbm/read_256MiB                              best=    193.56us single=    335.5us loop_cv=0.039     0.7TF    1387GB/s rejected
16:07:57 hbm/write_256MiB                             best=    209.93us single=    504.4us loop_cv=0.013     0.0TF    1279GB/s ok
16:07:58 hbm/copy_256MiB                              best=    449.49us single=    541.8us loop_cv=0.025     0.0TF    1194GB/s ok
16:08:00 hbm/read_384MiB                              best=    363.01us single=    433.6us loop_cv=0.021     0.6TF    1109GB/s ok
16:08:01 hbm/write_384MiB                             best=    314.74us single=    668.9us loop_cv=0.013     0.0TF    1279GB/s ok
16:08:02 hbm/copy_384MiB                              best=    662.80us single=    722.4us loop_cv=0.038     0.0TF    1215GB/s rejected
16:08:03 hbm/read_512MiB                              best=    485.85us single=    515.0us loop_cv=0.030     0.6TF    1105GB/s rejected
16:08:04 hbm/write_512MiB                             best=    671.12us single=    847.8us loop_cv=0.001     0.0TF     800GB/s ok
16:08:05 hbm/copy_512MiB                              best=    853.85us single=    914.0us loop_cv=0.033     0.0TF    1258GB/s rejected
16:08:06 hbm/read_1024MiB                             best=    943.72us single=    854.6us loop_cv=0.033     0.6TF    1138GB/s rejected
16:08:07 hbm/write_1024MiB                            best=   1337.74us single=   1510.5us loop_cv=0.001     0.0TF     803GB/s ok
16:08:08 hbm/copy_1024MiB                             best=   1755.13us single=   1681.1us loop_cv=0.021     0.0TF    1224GB/s ok
16:08:10 hbm/read_1536MiB                             best=   1437.39us single=   1226.8us loop_cv=0.019     0.6TF    1121GB/s ok
16:08:11 hbm/write_1536MiB                            best=   2007.20us single=   2198.3us loop_cv=0.001     0.0TF     802GB/s ok
16:08:12 hbm/copy_1536MiB                             best=   2654.48us single=   2513.7us loop_cv=0.005     0.0TF    1214GB/s ok
16:08:14 hbm/read_2048MiB                             best=   1922.55us single=   1621.7us loop_cv=0.021     0.6TF    1117GB/s ok
16:08:15 hbm/write_2048MiB                            best=   2676.13us single=   2890.3us loop_cv=0.001     0.0TF     802GB/s ok
16:08:16 hbm/copy_2048MiB                             best=   3634.60us single=   3231.5us loop_cv=0.009     0.0TF    1182GB/s ok
16:08:18 hbm/read_4096MiB                             best=   3835.04us single=   3051.9us loop_cv=0.030     0.6TF    1120GB/s ok
16:08:19 hbm/write_4096MiB                            best=   5346.09us single=   5572.1us loop_cv=0.001     0.0TF     803GB/s ok
16:08:21 hbm/copy_4096MiB                             best=   7138.09us single=   7540.9us loop_cv=0.018     0.0TF    1203GB/s ok
16:08:21 vmem/read_256KiB                             best=      2.73us single=      nanus loop_cv=0.000     0.0TF      96GB/s ok
16:08:21 vmem/copy_256KiB                             best=      1.70us single=      nanus loop_cv=0.000     0.0TF     309GB/s ok
16:08:22 vmem/read_512KiB                             best=      3.11us single=      nanus loop_cv=0.000     0.1TF     169GB/s ok
16:08:22 vmem/copy_512KiB                             best=      1.77us single=      nanus loop_cv=0.000     0.0TF     592GB/s ok
16:08:22 vmem/read_1024KiB                            best=      3.90us single=      nanus loop_cv=0.000     0.1TF     269GB/s ok
16:08:23 vmem/copy_1024KiB                            best=      1.95us single=      nanus loop_cv=0.000     0.0TF    1075GB/s ok
16:08:23 vmem/read_2048KiB                            best=      4.98us single=      nanus loop_cv=0.000     0.2TF     421GB/s ok
16:08:24 vmem/copy_2048KiB                            best=      2.44us single=      nanus loop_cv=0.000     0.0TF    1717GB/s ok
16:08:25 vmem/read_4096KiB                            best=      7.45us single=      nanus loop_cv=0.000     0.3TF     563GB/s ok
16:08:26 vmem/copy_4096KiB                            best=      3.47us single=      nanus loop_cv=0.000     0.0TF    2414GB/s ok
16:08:26 vmem/read_8192KiB                            best=      9.74us single=      nanus loop_cv=0.000     0.4TF     861GB/s ok
16:08:27 vmem/copy_8192KiB                            best=      4.99us single=      nanus loop_cv=0.000     0.0TF    3363GB/s ok
16:08:28 vmem/read_12288KiB                           best=     13.09us single=      nanus loop_cv=0.000     0.5TF     962GB/s ok
16:08:28 vmem/copy_12288KiB                           best=      6.66us single=      nanus loop_cv=0.000     0.0TF    3780GB/s ok
16:08:29 vmem/read_16384KiB                           best=     16.63us single=      nanus loop_cv=0.000     0.5TF    1009GB/s ok
16:08:30 vmem/copy_16384KiB                           best=      8.33us single=      nanus loop_cv=0.000     0.0TF    4029GB/s ok
16:08:31 vmem/read_24576KiB                           best=     23.64us single=      nanus loop_cv=0.000     0.5TF    1064GB/s ok
16:08:31 vmem/copy_24576KiB                           best=     11.73us single=      nanus loop_cv=0.000     0.0TF    4292GB/s ok
16:08:32 vmem/read_32768KiB                           best=     30.73us single=      nanus loop_cv=0.000     0.5TF    1092GB/s ok
16:08:32 vmem/copy_32768KiB                           best=     15.08us single=      nanus loop_cv=0.000     0.0TF    4451GB/s ok
16:08:34 gemv/gemm_1_3072_3072                        best=     17.59us single=    154.4us loop_cv=0.008     1.1TF    1074GB/s ok
16:08:36 gemv/gemm_1_3072_5120                        best=     28.71us single=    161.7us loop_cv=0.014     1.1TF    1096GB/s ok
16:08:38 gemv/gemm_1_3072_10240                       best=     51.31us single=    187.1us loop_cv=0.016     1.2TF    1227GB/s ok
16:08:40 gemv/gemm_1_3072_12288                       best=     59.38us single=    188.5us loop_cv=0.030     1.3TF    1272GB/s ok
16:08:42 gemv/gemm_1_3072_24576                       best=    107.33us single=    245.3us loop_cv=0.030     1.4TF    1407GB/s rejected
16:08:43 gemv/gemm_1_5120_3072                        best=     28.93us single=    148.7us loop_cv=0.021     1.1TF    1088GB/s ok
16:08:45 gemv/gemm_1_5120_5120                        best=     45.24us single=    180.3us loop_cv=0.023     1.2TF    1159GB/s ok
16:08:47 gemv/gemm_1_5120_10240                       best=     78.37us single=    224.7us loop_cv=0.021     1.3TF    1338GB/s ok
16:08:48 gemv/gemm_1_5120_12288                       best=     92.29us single=    237.3us loop_cv=0.018     1.4TF    1364GB/s ok
16:08:50 gemv/gemm_1_5120_24576                       best=    181.06us single=    350.8us loop_cv=0.017     1.4TF    1390GB/s ok
16:08:52 gemv/gemm_1_10240_3072                       best=     51.40us single=    184.3us loop_cv=0.027     1.2TF    1225GB/s ok
16:08:54 gemv/gemm_1_10240_5120                       best=     80.06us single=    227.4us loop_cv=0.014     1.3TF    1310GB/s ok
16:08:56 gemv/gemm_1_10240_10240                      best=    150.52us single=    317.1us loop_cv=0.019     1.4TF    1394GB/s ok
16:08:57 gemv/gemm_1_10240_12288                      best=    204.83us single=    346.5us loop_cv=0.040     1.2TF    1229GB/s rejected
16:08:59 gemv/gemm_1_10240_24576                      best=    454.25us single=    521.5us loop_cv=0.039     1.1TF    1108GB/s rejected
16:09:01 gemv/gemm_1_12288_3072                       best=     59.81us single=    195.3us loop_cv=0.017     1.3TF    1263GB/s ok
16:09:03 gemv/gemm_1_12288_5120                       best=     92.00us single=    231.5us loop_cv=0.009     1.4TF    1368GB/s ok
16:09:05 gemv/gemm_1_12288_10240                      best=    180.91us single=    336.3us loop_cv=0.036     1.4TF    1391GB/s rejected
16:09:06 gemv/gemm_1_12288_12288                      best=    233.08us single=    375.0us loop_cv=0.027     1.3TF    1296GB/s ok
16:09:08 gemv/gemm_1_12288_24576                      best=    531.05us single=    575.8us loop_cv=0.058     1.1TF    1137GB/s rejected
16:09:10 gemv/gemm_1_24576_3072                       best=    108.53us single=    280.0us loop_cv=0.043     1.4TF    1392GB/s rejected
16:09:11 gemv/gemm_1_24576_5120                       best=    185.43us single=    342.0us loop_cv=0.020     1.4TF    1357GB/s ok
16:09:13 gemv/gemm_1_24576_10240                      best=    449.99us single=    499.8us loop_cv=0.027     1.1TF    1119GB/s ok
16:09:15 gemv/gemm_1_24576_12288                      best=    546.12us single=    574.4us loop_cv=0.038     1.1TF    1106GB/s rejected
16:09:16 gemv/gemm_1_24576_24576                      best=   1094.89us single=    972.7us loop_cv=0.040     1.1TF    1103GB/s rejected
16:09:18 gemv/gemm_4_3072_3072                        best=     17.62us single=    149.7us loop_cv=0.010     4.3TF    1074GB/s ok
16:09:20 gemv/gemm_4_3072_5120                        best=     28.73us single=    153.2us loop_cv=0.024     4.4TF    1097GB/s ok
16:09:22 gemv/gemm_4_3072_10240                       best=     58.44us single=    150.8us loop_cv=0.010     4.3TF    1078GB/s ok
16:09:24 gemv/gemm_4_3072_12288                       best=     68.08us single=    155.9us loop_cv=0.029     4.4TF    1111GB/s ok
16:09:25 gemv/gemm_4_3072_24576                       best=    111.25us single=    279.1us loop_cv=0.023     5.4TF    1359GB/s ok
16:09:27 gemv/gemm_4_5120_3072                        best=     28.87us single=    149.0us loop_cv=0.010     4.4TF    1092GB/s ok
16:09:29 gemv/gemm_4_5120_5120                        best=     47.83us single=    150.2us loop_cv=0.018     4.4TF    1098GB/s ok
16:09:30 gemv/gemm_4_5120_10240                       best=     79.68us single=    221.3us loop_cv=0.029     5.3TF    1318GB/s ok
16:09:32 gemv/gemm_4_5120_12288                       best=     93.10us single=    238.3us loop_cv=0.024     5.4TF    1353GB/s ok
16:09:33 gemv/gemm_4_5120_24576                       best=    187.13us single=    354.3us loop_cv=0.040     5.4TF    1346GB/s rejected
16:09:35 gemv/gemm_4_10240_3072                       best=     57.90us single=    152.1us loop_cv=0.012     4.3TF    1088GB/s ok
16:09:36 gemv/gemm_4_10240_5120                       best=     79.35us single=    231.1us loop_cv=0.013     5.3TF    1323GB/s ok
16:09:37 gemv/gemm_4_10240_10240                      best=    151.07us single=    320.7us loop_cv=0.031     5.6TF    1389GB/s rejected
16:09:39 gemv/gemm_4_10240_12288                      best=    185.79us single=    360.6us loop_cv=0.032     5.4TF    1356GB/s rejected
16:09:40 gemv/gemm_4_10240_24576                      best=    447.08us single=    513.6us loop_cv=0.033     4.5TF    1126GB/s rejected
16:09:41 gemv/gemm_4_12288_3072                       best=     68.83us single=    162.9us loop_cv=0.033     4.4TF    1099GB/s rejected
16:09:43 gemv/gemm_4_12288_5120                       best=     92.96us single=    249.3us loop_cv=0.018     5.4TF    1355GB/s ok
16:09:44 gemv/gemm_4_12288_10240                      best=    184.90us single=    341.3us loop_cv=0.026     5.4TF    1362GB/s ok
16:09:45 gemv/gemm_4_12288_12288                      best=    243.55us single=    374.4us loop_cv=0.014     5.0TF    1241GB/s ok
16:09:46 gemv/gemm_4_12288_24576                      best=    536.54us single=    575.9us loop_cv=0.029     4.5TF    1126GB/s ok
16:09:48 gemv/gemm_4_24576_3072                       best=    110.49us single=    258.2us loop_cv=0.018     5.5TF    1369GB/s ok
16:09:49 gemv/gemm_4_24576_5120                       best=    184.34us single=    354.2us loop_cv=0.007     5.5TF    1367GB/s ok
16:09:50 gemv/gemm_4_24576_10240                      best=    456.88us single=    514.6us loop_cv=0.031     4.4TF    1102GB/s rejected
16:09:51 gemv/gemm_4_24576_12288                      best=    537.20us single=    555.8us loop_cv=0.021     4.5TF    1125GB/s ok
16:09:53 gemv/gemm_4_24576_24576                      best=   1057.61us single=    949.3us loop_cv=0.032     4.6TF    1143GB/s rejected
16:09:54 gemv/gemm_16_3072_3072                       best=     17.83us single=    145.6us loop_cv=0.020    16.9TF    1070GB/s ok
16:09:57 gemv/gemm_16_3072_5120                       best=     29.26us single=    142.3us loop_cv=0.022    17.2TF    1084GB/s ok
16:09:59 gemv/gemm_16_3072_10240                      best=     58.00us single=    165.2us loop_cv=0.026    17.4TF    1092GB/s ok
16:10:01 gemv/gemm_16_3072_12288                      best=     69.41us single=    154.4us loop_cv=0.032    17.4TF    1095GB/s rejected
16:10:03 gemv/gemm_16_3072_24576                      best=    111.23us single=    258.7us loop_cv=0.036    21.7TF    1365GB/s rejected
16:10:05 gemv/gemm_16_5120_3072                       best=     29.01us single=    152.3us loop_cv=0.024    17.4TF    1093GB/s ok
16:10:07 gemv/gemm_16_5120_5120                       best=     47.46us single=    151.6us loop_cv=0.018    17.7TF    1112GB/s ok
16:10:09 gemv/gemm_16_5120_10240                      best=     80.06us single=    230.2us loop_cv=0.018    21.0TF    1316GB/s ok
16:10:10 gemv/gemm_16_5120_12288                      best=     93.70us single=    240.2us loop_cv=0.022    21.5TF    1349GB/s ok
16:10:12 gemv/gemm_16_5120_24576                      best=    203.40us single=    351.9us loop_cv=0.022    19.8TF    1242GB/s ok
16:10:14 gemv/gemm_16_10240_3072                      best=     57.31us single=    165.2us loop_cv=0.031    17.6TF    1105GB/s rejected
16:10:15 gemv/gemm_16_10240_5120                      best=     79.64us single=    234.8us loop_cv=0.017    21.1TF    1323GB/s ok
16:10:16 gemv/gemm_16_10240_10240                     best=    151.44us single=    324.4us loop_cv=0.031    22.2TF    1389GB/s rejected
16:10:18 gemv/gemm_16_10240_12288                     best=    204.71us single=    353.4us loop_cv=0.030    19.7TF    1233GB/s rejected
16:10:19 gemv/gemm_16_10240_24576                     best=    461.65us single=    491.7us loop_cv=0.013    17.4TF    1093GB/s ok
16:10:21 gemv/gemm_16_12288_3072                      best=     68.63us single=    157.4us loop_cv=0.016    17.6TF    1107GB/s ok
16:10:22 gemv/gemm_16_12288_5120                      best=     92.58us single=    233.0us loop_cv=0.023    21.7TF    1365GB/s ok
16:10:24 gemv/gemm_16_12288_10240                     best=    189.05us single=    332.3us loop_cv=0.028    21.3TF    1335GB/s ok
16:10:25 gemv/gemm_16_12288_12288                     best=    237.84us single=    359.6us loop_cv=0.028    20.3TF    1273GB/s ok
16:10:26 gemv/gemm_16_12288_24576                     best=    545.15us single=    565.5us loop_cv=0.042    17.7TF    1110GB/s rejected
16:10:28 gemv/gemm_16_24576_3072                      best=    108.25us single=    242.4us loop_cv=0.015    22.3TF    1403GB/s ok
16:10:29 gemv/gemm_16_24576_5120                      best=    187.96us single=    321.2us loop_cv=0.036    21.4TF    1344GB/s rejected
16:10:30 gemv/gemm_16_24576_10240                     best=    456.55us single=    501.5us loop_cv=0.030    17.6TF    1105GB/s ok
16:10:32 gemv/gemm_16_24576_12288                     best=    541.73us single=    569.0us loop_cv=0.018    17.8TF    1117GB/s ok
16:10:33 gemv/gemm_16_24576_24576                     best=   1090.97us single=    967.5us loop_cv=0.026    17.7TF    1109GB/s ok
16:10:35 gemv/gemm_64_3072_3072                       best=     17.79us single=    143.8us loop_cv=0.004    67.9TF    1105GB/s ok
16:10:37 gemv/gemm_64_3072_5120                       best=     29.30us single=    145.0us loop_cv=0.012    68.7TF    1110GB/s ok
16:10:39 gemv/gemm_64_3072_10240                      best=     58.46us single=    133.0us loop_cv=0.034    68.9TF    1105GB/s rejected
16:10:42 gemv/gemm_64_3072_12288                      best=     69.96us single=    163.2us loop_cv=0.030    69.1TF    1107GB/s rejected
16:10:45 gemv/gemm_64_3072_24576                      best=    114.94us single=    283.2us loop_cv=0.015    84.1TF    1344GB/s ok
16:10:46 gemv/gemm_64_5120_3072                       best=     29.23us single=    154.4us loop_cv=0.009    68.9TF    1112GB/s ok
16:10:49 gemv/gemm_64_5120_5120                       best=     48.84us single=    153.7us loop_cv=0.030    68.7TF    1100GB/s rejected
16:10:51 gemv/gemm_64_5120_10240                      best=     79.96us single=    230.6us loop_cv=0.023    83.9TF    1336GB/s ok
16:10:52 gemv/gemm_64_5120_12288                      best=     95.50us single=    218.4us loop_cv=0.021    84.3TF    1341GB/s ok
16:10:54 gemv/gemm_64_5120_24576                      best=    192.94us single=    352.1us loop_cv=0.018    83.5TF    1324GB/s ok
16:10:56 gemv/gemm_64_10240_3072                      best=     57.46us single=    168.2us loop_cv=0.020    70.1TF    1125GB/s ok
16:10:57 gemv/gemm_64_10240_5120                      best=     80.26us single=    235.3us loop_cv=0.020    83.6TF    1331GB/s ok
16:10:59 gemv/gemm_64_10240_10240                     best=    148.06us single=    314.9us loop_cv=0.015    90.6TF    1434GB/s ok
16:11:01 gemv/gemm_64_10240_12288                     best=    184.71us single=    346.0us loop_cv=0.027    87.2TF    1378GB/s ok
16:11:03 gemv/gemm_64_10240_24576                     best=    454.50us single=    498.2us loop_cv=0.028    70.9TF    1117GB/s ok
16:11:05 gemv/gemm_64_12288_3072                      best=     69.98us single=    158.4us loop_cv=0.020    69.0TF    1107GB/s ok
16:11:07 gemv/gemm_64_12288_5120                      best=     93.67us single=    221.9us loop_cv=0.028    86.0TF    1367GB/s ok
16:11:08 gemv/gemm_64_12288_10240                     best=    190.72us single=    345.1us loop_cv=0.022    84.4TF    1335GB/s ok
16:11:10 gemv/gemm_64_12288_12288                     best=    252.57us single=    395.0us loop_cv=0.019    76.5TF    1208GB/s ok
16:11:11 gemv/gemm_64_12288_24576                     best=    534.70us single=    579.6us loop_cv=0.028    72.3TF    1138GB/s ok
16:11:13 gemv/gemm_64_24576_3072                      best=    113.52us single=    284.2us loop_cv=0.017    85.1TF    1361GB/s ok
16:11:15 gemv/gemm_64_24576_5120                      best=    193.14us single=    349.4us loop_cv=0.031    83.4TF    1323GB/s rejected
16:11:16 gemv/gemm_64_24576_10240                     best=    454.29us single=    522.8us loop_cv=0.037    70.9TF    1118GB/s rejected
16:11:18 gemv/gemm_64_24576_12288                     best=    545.37us single=    590.1us loop_cv=0.046    70.9TF    1116GB/s rejected
16:11:19 gemv/gemm_64_24576_24576                     best=   1083.13us single=    980.3us loop_cv=0.021    71.4TF    1121GB/s ok
16:11:21 gemm/gemm_256_256_256                        best=      3.62us single=    144.9us loop_cv=0.002     9.3TF     109GB/s ok
16:11:22 gemm/gemm_384_384_384                        best=      4.13us single=    146.1us loop_cv=0.002    27.4TF     214GB/s ok
16:11:23 gemm/gemm_512_512_512                        best=      4.74us single=    146.0us loop_cv=0.002    56.7TF     332GB/s ok
16:11:24 gemm/gemm_768_768_768                        best=      6.79us single=    154.7us loop_cv=0.006   133.4TF     521GB/s ok
16:11:26 gemm/gemm_1024_1024_1024                     best=      9.98us single=    149.6us loop_cv=0.001   215.1TF     630GB/s ok
16:11:29 gemm/gemm_1536_1536_1536                     best=     19.23us single=    154.1us loop_cv=0.000   376.8TF     736GB/s ok
16:11:32 gemm/gemm_2048_2048_2048                     best=     33.54us single=    172.6us loop_cv=0.001   512.3TF     750GB/s ok
16:11:35 gemm/gemm_3072_3072_3072                     best=     96.02us single=    234.2us loop_cv=0.001   603.8TF     590GB/s ok
16:11:39 gemm/gemm_6144_6144_6144                     best=    623.17us single=    769.7us loop_cv=0.005   744.3TF     363GB/s ok
16:11:43 gemm/gemm_8192_8192_8192                     best=   1511.93us single=   1716.3us loop_cv=0.021   727.2TF     266GB/s ok
16:11:46 gemm/gemm_12288_12288_12288                  best=   5009.78us single=   5117.0us loop_cv=0.004   740.7TF     181GB/s ok
16:11:52 gemm/gemm_16384_16384_16384                  best=  12422.20us single=  12539.1us loop_cv=0.006   708.1TF     130GB/s ok
16:11:55 gemm/gemm_256_256_8192                       best=      9.44us single=    136.1us loop_cv=0.001   113.7TF     902GB/s ok
16:11:57 gemm/gemm_256_256_16384                      best=     15.53us single=    153.6us loop_cv=0.005   138.3TF    1089GB/s ok
16:12:00 gemm/gemm_256_256_32768                      best=     30.92us single=    157.5us loop_cv=0.009   138.9TF    1089GB/s ok
16:12:04 gemm/gemm_256_256_65536                      best=     56.91us single=    166.4us loop_cv=0.033   150.9TF    1182GB/s rejected
16:12:07 gemm/gemm_1024_1024_8192                     best=     31.33us single=    163.0us loop_cv=0.005   548.4TF    1138GB/s ok
16:12:11 gemm/gemm_1024_1024_16384                    best=     62.70us single=    182.8us loop_cv=0.009   548.0TF    1104GB/s ok
16:12:15 gemm/gemm_1024_1024_32768                    best=    123.50us single=    234.1us loop_cv=0.025   556.4TF    1104GB/s ok
16:12:18 gemm/gemm_1024_1024_65536                    best=    214.30us single=    379.2us loop_cv=0.036   641.3TF    1262GB/s rejected
16:12:23 gemm/gemm_2048_2048_8192                     best=     97.67us single=    258.7us loop_cv=0.001   703.6TF     773GB/s ok
16:12:28 gemm/gemm_2048_2048_16384                    best=    190.52us single=    368.5us loop_cv=0.005   721.4TF     749GB/s ok
16:12:32 gemm/gemm_2048_2048_32768                    best=    381.71us single=    558.8us loop_cv=0.024   720.1TF     725GB/s ok
16:12:36 gemm/gemm_2048_2048_65536                    best=    750.50us single=    889.4us loop_cv=0.010   732.5TF     727GB/s ok
16:12:39 gemm/gemm_512_3072_3072                      best=     22.25us single=    155.5us loop_cv=0.001   434.4TF    1131GB/s ok
16:12:43 gemm/gemm_512_3072_5120                      best=     34.18us single=    169.9us loop_cv=0.005   471.2TF    1166GB/s ok
16:12:47 gemm/gemm_512_3072_10240                     best=     67.07us single=    204.9us loop_cv=0.023   480.2TF    1141GB/s ok
16:12:50 gemm/gemm_512_5120_3072                      best=     32.25us single=    164.2us loop_cv=0.008   499.4TF    1236GB/s ok
16:12:54 gemm/gemm_512_5120_5120                      best=     53.97us single=    184.5us loop_cv=0.007   497.4TF    1166GB/s ok
16:12:57 gemm/gemm_512_5120_10240                     best=    101.46us single=    237.4us loop_cv=0.023   529.2TF    1189GB/s ok
16:13:00 gemm/gemm_512_10240_3072                     best=     62.31us single=    182.0us loop_cv=0.014   517.0TF    1228GB/s ok
16:13:03 gemm/gemm_512_10240_5120                     best=    102.41us single=    242.7us loop_cv=0.023   524.2TF    1177GB/s ok
16:13:06 gemm/gemm_512_10240_10240                    best=    182.22us single=    342.8us loop_cv=0.028   589.3TF    1266GB/s ok
16:13:10 gemm/gemm_2048_3072_3072                     best=     71.40us single=    180.8us loop_cv=0.001   541.4TF     617GB/s ok
16:13:14 gemm/gemm_2048_3072_5120                     best=    115.41us single=    225.0us loop_cv=0.001   558.2TF     563GB/s ok
16:13:19 gemm/gemm_2048_3072_10240                    best=    191.58us single=    334.7us loop_cv=0.026   672.6TF     613GB/s ok
16:13:22 gemm/gemm_2048_5120_3072                     best=    115.38us single=    256.1us loop_cv=0.001   558.4TF     563GB/s ok
16:13:25 gemm/gemm_2048_5120_5120                     best=    187.68us single=    309.4us loop_cv=0.019   572.1TF     503GB/s ok
16:13:30 gemm/gemm_2048_5120_10240                    best=    293.31us single=    460.7us loop_cv=0.005   732.2TF     572GB/s ok
16:13:33 gemm/gemm_2048_10240_3072                    best=    208.81us single=    339.9us loop_cv=0.001   617.1TF     562GB/s ok
16:13:37 gemm/gemm_2048_10240_5120                    best=    285.32us single=    449.4us loop_cv=0.014   752.6TF     588GB/s ok
16:13:41 gemm/gemm_2048_10240_10240                   best=    558.03us single=    712.1us loop_cv=0.004   769.7TF     526GB/s ok
16:13:45 gemm/gemm_8192_3072_3072                     best=    227.19us single=    370.0us loop_cv=0.001   680.6TF     526GB/s ok
16:13:50 gemm/gemm_8192_3072_5120                     best=    379.94us single=    518.8us loop_cv=0.011   678.3TF     436GB/s ok
16:13:55 gemm/gemm_8192_3072_10240                    best=    697.36us single=    846.2us loop_cv=0.013   739.1TF     403GB/s ok
16:13:59 gemm/gemm_8192_5120_3072                     best=    353.70us single=    507.9us loop_cv=0.001   728.6TF     468GB/s ok
16:14:03 gemm/gemm_8192_5120_5120                     best=    583.61us single=    715.1us loop_cv=0.016   735.9TF     377GB/s ok
16:14:07 gemm/gemm_8192_5120_10240                    best=   1192.78us single=   1379.3us loop_cv=0.022   720.2TF     299GB/s ok
16:14:11 gemm/gemm_8192_10240_3072                    best=    671.67us single=    829.0us loop_cv=0.005   767.3TF     418GB/s ok
16:14:15 gemm/gemm_8192_10240_5120                    best=   1118.08us single=   1235.0us loop_cv=0.018   768.3TF     319GB/s ok
16:14:18 gemm/gemm_8192_10240_10240                   best=   2366.75us single=   2555.3us loop_cv=0.004   725.9TF     230GB/s ok
16:14:20 bmm/bmm_16_4_1024_128                        best=      5.69us single=    169.4us loop_cv=0.001     2.9TF     763GB/s ok
16:14:22 bmm/bmm_16_4_4096_64                         best=      9.11us single=    181.4us loop_cv=0.001     3.7TF     979GB/s ok
16:14:24 bmm/bmm_16_4_128_4096                        best=     16.08us single=    158.5us loop_cv=0.006     4.2TF    1077GB/s ok
16:14:26 bmm/bmm_16_1024_1024_128                     best=     33.63us single=    184.6us loop_cv=0.006   127.7TF    1247GB/s ok
16:14:29 bmm/bmm_16_1024_4096_64                      best=    107.29us single=    258.7us loop_cv=0.009    80.1TF    1349GB/s ok
16:14:31 bmm/bmm_16_1024_128_4096                     best=    113.82us single=    251.5us loop_cv=0.035   150.9TF    1363GB/s rejected
16:14:34 bmm/bmm_128_4_1024_128                       best=     30.95us single=    151.6us loop_cv=0.010     4.3TF    1122GB/s ok
16:14:36 bmm/bmm_128_4_4096_64                        best=     60.74us single=    151.3us loop_cv=0.013     4.4TF    1175GB/s ok
16:14:39 bmm/bmm_128_4_128_4096                       best=    100.58us single=    239.2us loop_cv=0.028     5.3TF    1377GB/s ok
16:14:41 bmm/bmm_128_1024_1024_128                    best=    239.50us single=    378.9us loop_cv=0.012   143.5TF    1401GB/s ok
16:14:43 bmm/bmm_128_1024_4096_64                     best=    817.49us single=    902.7us loop_cv=0.011    84.1TF    1416GB/s ok
16:14:45 bmm/bmm_128_1024_128_4096                    best=   1086.93us single=   1004.0us loop_cv=0.036   126.4TF    1142GB/s rejected
16:14:46 ew/add_4KiB                                  best=      3.03us single=    161.9us loop_cv=0.002     0.0TF       4GB/s ok
16:14:48 ew/add_16KiB                                 best=      3.12us single=    161.8us loop_cv=0.001     0.0TF      16GB/s ok
16:14:49 ew/add_64KiB                                 best=      3.29us single=    152.2us loop_cv=0.002     0.0TF      60GB/s ok
16:14:50 ew/add_256KiB                                best=      3.82us single=    157.4us loop_cv=0.003     0.0TF     206GB/s ok
16:14:51 ew/add_1024KiB                               best=      5.77us single=    159.2us loop_cv=0.002     0.1TF     546GB/s ok
16:14:53 ew/add_4096KiB                               best=     11.76us single=    163.8us loop_cv=0.001     0.2TF    1070GB/s ok
16:14:54 ew/add_16384KiB                              best=     43.33us single=    191.3us loop_cv=0.022     0.2TF    1161GB/s ok
16:14:55 ew/add_65536KiB                              best=    153.17us single=    322.1us loop_cv=0.021     0.2TF    1314GB/s ok
16:14:56 ew/add_262144KiB                             best=    671.40us single=    727.8us loop_cv=0.024     0.2TF    1199GB/s ok
16:14:57 ew/add_1048576KiB                            best=   2757.24us single=   2616.2us loop_cv=0.015     0.2TF    1168GB/s ok
16:14:58 ew/scale_4KiB                                best=      3.00us single=    136.9us loop_cv=0.002     0.0TF       3GB/s ok
16:15:00 ew/scale_16KiB                               best=      3.09us single=    135.7us loop_cv=0.002     0.0TF      11GB/s ok
16:15:01 ew/scale_64KiB                               best=      3.20us single=    145.3us loop_cv=0.003     0.0TF      41GB/s ok
16:15:02 ew/scale_256KiB                              best=      3.57us single=    151.6us loop_cv=0.002     0.0TF     147GB/s ok
16:15:03 ew/scale_1024KiB                             best=      4.87us single=    154.4us loop_cv=0.003     0.1TF     431GB/s ok
16:15:04 ew/scale_4096KiB                             best=      8.30us single=    165.2us loop_cv=0.001     0.3TF    1010GB/s ok
16:15:05 ew/scale_16384KiB                            best=     28.59us single=    160.8us loop_cv=0.013     0.3TF    1174GB/s ok
16:15:06 ew/scale_65536KiB                            best=    101.71us single=    251.0us loop_cv=0.021     0.3TF    1320GB/s ok
16:15:07 ew/scale_262144KiB                           best=    446.64us single=    567.1us loop_cv=0.026     0.3TF    1202GB/s ok
16:15:08 ew/scale_1048576KiB                          best=   1805.28us single=   1707.2us loop_cv=0.014     0.3TF    1190GB/s ok
16:15:09 ew/silu_4KiB                                 best=      3.03us single=    155.3us loop_cv=0.003     0.0TF       3GB/s ok
16:15:09 ew/silu_16KiB                                best=      3.12us single=    152.0us loop_cv=0.003     0.0TF      11GB/s ok
16:15:10 ew/silu_64KiB                                best=      3.24us single=    151.8us loop_cv=0.002     0.0TF      41GB/s ok
16:15:11 ew/silu_256KiB                               best=      3.67us single=    155.9us loop_cv=0.002     0.0TF     143GB/s ok
16:15:12 ew/silu_1024KiB                              best=      5.20us single=    146.7us loop_cv=0.001     0.1TF     403GB/s ok
16:15:13 ew/silu_4096KiB                              best=      9.06us single=    163.3us loop_cv=0.001     0.2TF     926GB/s ok
16:15:14 ew/silu_16384KiB                             best=     28.63us single=    174.8us loop_cv=0.006     0.3TF    1172GB/s ok
16:15:15 ew/silu_65536KiB                             best=    102.48us single=    245.9us loop_cv=0.022     0.3TF    1310GB/s ok
16:15:16 ew/silu_262144KiB                            best=    446.45us single=    559.4us loop_cv=0.012     0.3TF    1203GB/s ok
16:15:17 ew/silu_1048576KiB                           best=   1760.77us single=   1715.8us loop_cv=0.013     0.3TF    1220GB/s ok
16:15:19 sanity end {'gemm_8192^3': {'loop_s': 0.0018579159473837965, 'cv': 0.010437055086231438, 'tflops': 591.7983692019357, 'gbps': 216.72303559641196}, 'copy_1GiB': {'loop_s': 0.0018352221764764503, 'cv': 0.013138954998546202, 'tflops': None, 'gbps': 1170.149138085874}}
16:15:19 DONE
