/usr/local/lib/python3.13/dist-packages/jax/_src/cloud_tpu_init.py:86: UserWarning: Transparent hugepages are not enabled. TPU runtime startup and shutdown time should be significantly improved on TPU v5e and newer. If not already set, you may need to enable transparent hugepages in your VM image (sudo sh -c "echo always > /sys/kernel/mm/transparent_hugepage/enabled")
  warnings.warn(
16:15:11 sanity start {'gemm_8192^3': {'loop_s': 0.006098089999985253, 'cv': 0.0021106970899675394, 'tflops': 180.30426375777643, 'gbps': 66.0293934659826}, 'copy_1GiB': {'loop_s': 0.0032662158888696366, 'cv': 0.0009850921986044067, 'tflops': None, 'gbps': 657.4836817486658}}
16:15:14 gemm_2048_6144_4096                          best=    577.34us single=    768.5us loop_cv=0.002   178.5TF     160GB/s ok
16:15:16 bmm_1_8192_2048_128                          best=     59.42us single=    250.8us loop_cv=0.001    72.3TF     609GB/s ok
16:15:18 bmm_1_8192_128_2048                          best=     49.52us single=    191.0us loop_cv=0.002    86.7TF     730GB/s ok
16:15:21 gemm_2048_4096_4096                          best=    384.36us single=    584.5us loop_cv=0.004   178.8TF     175GB/s ok
16:15:24 gemm_2048_14336_4096                         best=   1365.45us single=   1495.2us loop_cv=0.003   176.1TF     141GB/s ok
16:15:28 gemm_2048_4096_14336                         best=   1274.53us single=   1504.1us loop_cv=0.002   188.7TF     151GB/s ok
16:15:30 gemm_1_128256_4096                           best=   1450.09us single=   1686.8us loop_cv=0.001     0.7TF     725GB/s ok
16:15:31 gemm_1_6144_4096                             best=     69.88us single=    245.0us loop_cv=0.003     0.7TF     721GB/s ok
16:15:33 bmm_8_4_2048_128                             best=      7.80us single=    147.4us loop_cv=0.005     2.2TF     556GB/s ok
16:15:35 bmm_8_4_128_2048                             best=      7.97us single=    152.2us loop_cv=0.004     2.1TF     544GB/s ok
16:15:37 gemm_1_4096_4096                             best=     47.37us single=    216.6us loop_cv=0.003     0.7TF     709GB/s ok
16:15:38 gemm_1_14336_4096                            best=    159.42us single=    345.0us loop_cv=0.008     0.7TF     737GB/s ok
16:15:39 gemm_1_4096_14336                            best=    159.11us single=    336.9us loop_cv=0.005     0.7TF     738GB/s ok
16:15:41 gemm_8_6144_4096                             best=     69.23us single=    199.1us loop_cv=0.002     5.8TF     729GB/s ok
16:15:43 bmm_64_4_2048_128                            best=     49.40us single=    141.5us loop_cv=0.003     2.7TF     702GB/s ok
16:15:45 bmm_64_4_128_2048                            best=     48.14us single=    127.6us loop_cv=0.003     2.8TF     720GB/s ok
16:15:46 gemm_8_4096_4096                             best=     49.64us single=    142.9us loop_cv=0.003     5.4TF     679GB/s ok
16:15:48 gemm_8_14336_4096                            best=    158.74us single=    177.1us loop_cv=0.004     5.9TF     742GB/s ok
16:15:49 gemm_8_4096_14336                            best=    158.00us single=    177.7us loop_cv=0.003     5.9TF     745GB/s ok
16:15:50 gemm_8_128256_4096                           best=   1395.52us single=   1653.4us loop_cv=0.008     6.0TF     754GB/s ok
16:15:52 gemm_32_6144_4096                            best=     69.22us single=    166.9us loop_cv=0.002    23.3TF     737GB/s ok
16:15:54 bmm_256_4_2048_128                           best=    201.00us single=    394.9us loop_cv=0.004     2.7TF     690GB/s ok
16:15:57 bmm_256_4_128_2048                           best=    185.75us single=    378.4us loop_cv=0.002     2.9TF     747GB/s ok
16:15:58 gemm_32_4096_4096                            best=     49.89us single=    140.7us loop_cv=0.004    21.5TF     683GB/s ok
16:15:59 gemm_32_14336_4096                           best=    168.89us single=    166.0us loop_cv=0.002    22.3TF     702GB/s ok
16:16:01 gemm_32_4096_14336                           best=    159.10us single=    207.9us loop_cv=0.001    23.6TF     746GB/s ok
16:16:02 gemm_32_128256_4096                          best=   1390.83us single=   1638.2us loop_cv=0.002    24.2TF     762GB/s ok
16:16:04 gemm_1024_1024_1024                          best=     19.15us single=    143.4us loop_cv=0.002   112.1TF     328GB/s ok
16:16:06 gemm_16_8192_8192                            best=    179.99us single=    394.3us loop_cv=0.004    11.9TF     749GB/s ok
16:16:09 gemm_4096_4096_4096                          best=    776.67us single=    959.5us loop_cv=0.003   177.0TF     130GB/s ok
16:16:10 decode_b1/rmsnorm                            best=      4.18us single=    186.0us loop_cv=0.006     0.0TF       4GB/s ok
16:16:13 decode_b1/rope_qk                            best=      2.72us single=    231.6us loop_cv=0.007     0.0TF       8GB/s ok
16:16:14 decode_b1/softmax                            best=      4.19us single=    173.3us loop_cv=0.002     0.0TF      63GB/s ok
16:16:16 decode_b1/residual_add                       best=      3.13us single=    160.0us loop_cv=0.006     0.0TF       8GB/s ok
16:16:18 decode_b1/silu_mul                           best=      4.55us single=    145.7us loop_cv=0.005     0.0TF      19GB/s ok
16:16:21 decode_b1/argmax                             best=      9.10us single=    155.5us loop_cv=0.003     0.0TF      28GB/s ok
16:16:22 decode_b1/kv_write                           best=      0.78us single=      nanus loop_cv=0.002     0.0TF       3GB/s ok
16:16:23 decode_b1/embedding                          best=      3.03us single=    147.2us loop_cv=0.004     0.0TF       5GB/s ok
16:16:25 decode_b8/rmsnorm                            best=      3.00us single=    236.0us loop_cv=0.001     0.0TF      44GB/s ok
16:16:27 decode_b8/rope_qk                            best=      3.11us single=    227.1us loop_cv=0.004     0.0TF      53GB/s ok
16:16:29 decode_b8/softmax                            best=     11.22us single=    146.5us loop_cv=0.001     0.0TF     187GB/s ok
16:16:31 decode_b8/residual_add                       best=      2.34us single=    138.6us loop_cv=0.002     0.0TF      84GB/s ok
16:16:32 decode_b8/silu_mul                           best=      3.12us single=    140.8us loop_cv=0.006     0.0TF     221GB/s ok
16:16:34 decode_b8/argmax                             best=      7.87us single=    166.6us loop_cv=0.004     0.0TF     261GB/s ok
16:16:43 decode_b8/kv_write                           best=      0.78us single=      nanus loop_cv=0.008     0.0TF      21GB/s ok
16:18:52 decode_b8/embedding                          best=     76.84us single=    173.5us loop_cv=0.000     0.0TF       2GB/s ok
16:18:53 decode_b32/rmsnorm                           best=      3.90us single=    175.8us loop_cv=0.004     0.0TF     134GB/s ok
16:18:56 decode_b32/rope_qk                           best=      3.99us single=    301.0us loop_cv=0.004     0.0TF     164GB/s ok
16:18:58 decode_b32/softmax                           best=     31.19us single=    164.5us loop_cv=0.001     0.0TF     269GB/s ok
16:19:00 decode_b32/residual_add                      best=      3.16us single=    171.8us loop_cv=0.004     0.0TF     249GB/s ok
16:19:01 decode_b32/silu_mul                          best=      6.42us single=    155.2us loop_cv=0.006     0.0TF     429GB/s ok
16:19:03 decode_b32/argmax                            best=     18.88us single=    188.1us loop_cv=0.002     0.0TF     435GB/s ok
16:19:12 decode_b32/kv_write                          best=      1.22us single=      nanus loop_cv=0.006     0.0TF      54GB/s ok
16:21:21 decode_b32/embedding                         best=     83.64us single=    142.1us loop_cv=0.000     0.0TF       6GB/s ok
16:21:23 prefill_b1/rmsnorm                           best=     75.73us single=    228.7us loop_cv=0.002     0.0TF     443GB/s ok
16:21:24 prefill_b1/rmsnorm_final                     best=      4.18us single=    165.6us loop_cv=0.003     0.0TF       4GB/s ok
16:21:27 prefill_b1/rope_qk                           best=     90.76us single=    325.9us loop_cv=0.001     0.0TF     462GB/s ok
16:21:30 prefill_b1/softmax                           best=    834.22us single=   1026.2us loop_cv=0.002     0.0TF     644GB/s ok
16:21:31 prefill_b1/residual_add                      best=     77.29us single=    232.7us loop_cv=0.004     0.0TF     651GB/s ok
16:21:32 prefill_b1/silu_mul                          best=    259.57us single=    479.3us loop_cv=0.002     0.0TF     679GB/s ok
16:21:34 prefill_b1/argmax                            best=      9.14us single=    157.3us loop_cv=0.006     0.0TF      28GB/s ok
16:21:43 prefill_b1/kv_write                          best=     13.50us single=      nanus loop_cv=0.001     0.0TF     311GB/s ok
16:22:09 prefill_b1/embedding                         best=    145.83us single=    316.8us loop_cv=0.000     0.0TF     230GB/s ok
16:22:11 sweep/gemm_256_256_256                       best=      2.83us single=    146.3us loop_cv=0.009    11.8TF     139GB/s ok
16:22:12 sweep/gemm_512_512_512                       best=      5.62us single=    219.0us loop_cv=0.002    47.8TF     280GB/s ok
16:22:13 sweep/gemm_1024_1024_1024                    best=     19.18us single=    161.1us loop_cv=0.001   112.0TF     328GB/s ok
16:22:16 sweep/gemm_2048_2048_2048                    best=    105.79us single=    273.4us loop_cv=0.003   162.4TF     238GB/s ok
16:22:17 sweep/gemm_4096_4096_4096                    best=    777.53us single=    944.7us loop_cv=0.003   176.8TF     129GB/s ok
16:22:19 sweep/gemm_8192_8192_8192                    best=   5957.68us single=   6197.4us loop_cv=0.005   184.6TF      68GB/s ok
16:22:20 sweep/gemm_1_4096_4096                       best=     47.49us single=    233.0us loop_cv=0.007     0.7TF     707GB/s ok
16:22:21 sweep/gemm_8_4096_4096                       best=     46.26us single=    138.6us loop_cv=0.003     5.8TF     728GB/s ok
16:22:22 sweep/gemm_16_4096_4096                      best=     46.22us single=    135.3us loop_cv=0.007    11.6TF     732GB/s ok
16:22:23 sweep/gemm_32_4096_4096                      best=     46.50us single=    151.2us loop_cv=0.007    23.1TF     733GB/s ok
16:22:24 sweep/gemm_64_4096_4096                      best=     47.44us single=    150.1us loop_cv=0.004    45.3TF     729GB/s ok
16:22:26 sweep/gemm_128_4096_4096                     best=     49.55us single=    230.4us loop_cv=0.002    86.7TF     720GB/s ok
16:22:29 sweep/gemm_256_4096_4096                     best=     58.69us single=    176.4us loop_cv=0.003   146.4TF     643GB/s ok
16:22:30 sweep/gemm_1_8192_8192                       best=    180.82us single=    382.6us loop_cv=0.003     0.7TF     742GB/s ok
16:22:31 sweep/gemm_8_8192_8192                       best=    180.57us single=    389.1us loop_cv=0.004     5.9TF     745GB/s ok
16:22:32 sweep/gemm_16_8192_8192                      best=    180.36us single=    374.9us loop_cv=0.002    11.9TF     747GB/s ok
16:22:33 sweep/gemm_32_8192_8192                      best=    180.30us single=    383.5us loop_cv=0.003    23.8TF     750GB/s ok
16:22:35 sweep/gemm_64_8192_8192                      best=    181.67us single=    378.3us loop_cv=0.004    47.3TF     750GB/s ok
16:22:37 sweep/gemm_128_8192_8192                     best=    193.12us single=    390.6us loop_cv=0.003    89.0TF     717GB/s ok
16:22:39 sweep/gemm_256_8192_8192                     best=    213.18us single=    404.7us loop_cv=0.002   161.2TF     669GB/s ok
16:22:41 sweep/gemm_1_14336_14336                     best=    547.53us single=    748.8us loop_cv=0.004     0.8TF     751GB/s ok
16:22:42 sweep/gemm_8_14336_14336                     best=    547.88us single=    758.1us loop_cv=0.003     6.0TF     751GB/s ok
16:22:43 sweep/gemm_16_14336_14336                    best=    547.63us single=    777.2us loop_cv=0.003    12.0TF     752GB/s ok
16:22:44 sweep/gemm_32_14336_14336                    best=    545.29us single=    747.5us loop_cv=0.004    24.1TF     757GB/s ok
16:22:46 sweep/gemm_64_14336_14336                    best=    546.71us single=    769.0us loop_cv=0.005    48.1TF     759GB/s ok
16:22:48 sweep/gemm_128_14336_14336                   best=    548.03us single=    753.2us loop_cv=0.002    96.0TF     763GB/s ok
16:22:51 sweep/gemm_256_14336_14336                   best=    580.66us single=    809.4us loop_cv=0.007   181.2TF     733GB/s ok
16:22:52 sanity end {'gemm_8192^3': {'loop_s': 0.006104319666671169, 'cv': 0.0010613322275759877, 'tflops': 180.1202570991158, 'gbps': 65.96200821500824}, 'copy_1GiB': {'loop_s': 0.0032720029999432475, 'cv': 0.0016361547172589334, 'tflops': None, 'gbps': 656.3208065632116}}
16:22:52 DONE
