/usr/local/lib/python3.13/dist-packages/jax/_src/cloud_tpu_init.py:86: UserWarning: Transparent hugepages are not enabled. TPU runtime startup and shutdown time should be significantly improved on TPU v5e and newer. If not already set, you may need to enable transparent hugepages in your VM image (sudo sh -c "echo always > /sys/kernel/mm/transparent_hugepage/enabled")
  warnings.warn(
16:07:40 gemv/gemm_1_24576_3072                       best=    204.35us single=    413.0us loop_cv=0.006     0.7TF     739GB/s ok
16:07:42 gemv/gemm_1_24576_5120                       best=    336.91us single=    562.4us loop_cv=0.004     0.7TF     747GB/s ok
16:07:44 gemv/gemm_1_24576_10240                      best=    670.11us single=    902.8us loop_cv=0.002     0.8TF     751GB/s ok
16:07:45 gemv/gemm_1_24576_12288                      best=    801.72us single=   1031.1us loop_cv=0.003     0.8TF     753GB/s ok
16:07:47 gemv/gemm_1_24576_24576                      best=   1603.70us single=   1829.3us loop_cv=0.003     0.8TF     753GB/s ok
16:07:49 gemv/gemm_4_3072_3072                        best=     27.57us single=    143.3us loop_cv=0.005     2.7TF     686GB/s ok
16:07:52 gemv/gemm_4_3072_5120                        best=     44.18us single=    176.1us loop_cv=0.004     2.8TF     713GB/s ok
16:07:54 gemv/gemm_4_3072_10240                       best=     88.82us single=    168.4us loop_cv=0.003     2.8TF     710GB/s ok
16:07:56 gemv/gemm_4_3072_12288                       best=    102.60us single=    179.2us loop_cv=0.004     2.9TF     737GB/s ok
16:07:59 gemv/gemm_4_3072_24576                       best=    202.71us single=    409.7us loop_cv=0.004     3.0TF     746GB/s ok
16:08:01 gemv/gemm_4_5120_3072                        best=     44.15us single=    181.4us loop_cv=0.002     2.8TF     714GB/s ok
16:08:03 gemv/gemm_4_5120_5120                        best=     72.02us single=    199.8us loop_cv=0.003     2.9TF     729GB/s ok
16:08:05 gemv/gemm_4_5120_10240                       best=    142.08us single=    182.5us loop_cv=0.009     3.0TF     739GB/s ok
16:08:07 gemv/gemm_4_5120_12288                       best=    168.75us single=    362.8us loop_cv=0.004     3.0TF     746GB/s ok
16:08:09 gemv/gemm_4_5120_24576                       best=    335.63us single=    536.3us loop_cv=0.004     3.0TF     751GB/s ok
16:08:11 gemv/gemm_4_10240_3072                       best=     85.67us single=    151.1us loop_cv=0.007     2.9TF     736GB/s ok
16:08:14 gemv/gemm_4_10240_5120                       best=    141.76us single=    164.0us loop_cv=0.009     3.0TF     741GB/s ok
16:08:15 gemv/gemm_4_10240_10240                      best=    280.63us single=    484.4us loop_cv=0.004     3.0TF     748GB/s ok
16:08:17 gemv/gemm_4_10240_12288                      best=    335.27us single=    526.7us loop_cv=0.005     3.0TF     751GB/s ok
16:08:19 gemv/gemm_4_10240_24576                      best=    668.40us single=    890.4us loop_cv=0.006     3.0TF     753GB/s ok
16:08:21 gemv/gemm_4_12288_3072                       best=    102.54us single=    181.9us loop_cv=0.004     2.9TF     737GB/s ok
16:08:23 gemv/gemm_4_12288_5120                       best=    169.13us single=    358.8us loop_cv=0.002     3.0TF     745GB/s ok
16:08:25 gemv/gemm_4_12288_10240                      best=    335.41us single=    553.7us loop_cv=0.002     3.0TF     751GB/s ok
16:08:27 gemv/gemm_4_12288_12288                      best=    401.24us single=    597.2us loop_cv=0.002     3.0TF     753GB/s ok
16:08:29 gemv/gemm_4_12288_24576                      best=    802.11us single=   1011.3us loop_cv=0.003     3.0TF     753GB/s ok
16:08:30 gemv/gemm_4_24576_3072                       best=    204.67us single=    414.9us loop_cv=0.004     3.0TF     739GB/s ok
16:08:31 gemv/gemm_4_24576_5120                       best=    335.32us single=    529.4us loop_cv=0.003     3.0TF     751GB/s ok
16:08:32 gemv/gemm_4_24576_10240                      best=    670.83us single=    867.0us loop_cv=0.006     3.0TF     751GB/s ok
16:08:33 gemv/gemm_4_24576_12288                      best=    801.37us single=   1021.7us loop_cv=0.004     3.0TF     754GB/s ok
16:08:34 gemv/gemm_4_24576_24576                      best=   1599.59us single=   1820.8us loop_cv=0.004     3.0TF     755GB/s ok
16:08:35 gemv/gemm_16_3072_3072                       best=     27.54us single=    154.0us loop_cv=0.007    11.0TF     692GB/s ok
16:08:37 gemv/gemm_16_3072_5120                       best=     44.40us single=    140.1us loop_cv=0.003    11.3TF     714GB/s ok
16:08:39 gemv/gemm_16_3072_10240                      best=     87.84us single=    170.5us loop_cv=0.006    11.5TF     721GB/s ok
16:08:40 gemv/gemm_16_3072_12288                      best=    102.80us single=    169.9us loop_cv=0.002    11.8TF     739GB/s ok
16:08:42 gemv/gemm_16_3072_24576                      best=    203.98us single=    380.4us loop_cv=0.005    11.8TF     745GB/s ok
16:08:44 gemv/gemm_16_5120_3072                       best=     44.58us single=    155.6us loop_cv=0.004    11.3TF     711GB/s ok
16:08:45 gemv/gemm_16_5120_5120                       best=     72.25us single=    178.8us loop_cv=0.005    11.6TF     730GB/s ok
16:08:47 gemv/gemm_16_5120_10240                      best=    142.26us single=    204.1us loop_cv=0.003    11.8TF     741GB/s ok
16:08:48 gemv/gemm_16_5120_12288                      best=    169.81us single=    362.0us loop_cv=0.002    11.9TF     744GB/s ok
16:08:49 gemv/gemm_16_5120_24576                      best=    337.79us single=    550.5us loop_cv=0.001    11.9TF     748GB/s ok
16:08:51 gemv/gemm_16_10240_3072                      best=     86.21us single=    199.5us loop_cv=0.001    11.7TF     735GB/s ok
16:08:52 gemv/gemm_16_10240_5120                      best=    141.45us single=    217.8us loop_cv=0.003    11.9TF     745GB/s ok
16:08:53 gemv/gemm_16_10240_10240                     best=    281.72us single=    519.2us loop_cv=0.007    11.9TF     747GB/s ok
16:08:54 gemv/gemm_16_10240_12288                     best=    338.87us single=    566.1us loop_cv=0.006    11.9TF     745GB/s ok
16:08:56 gemv/gemm_16_10240_24576                     best=    672.19us single=    918.7us loop_cv=0.001    12.0TF     750GB/s ok
16:08:57 gemv/gemm_16_12288_3072                      best=    102.45us single=    224.9us loop_cv=0.003    11.8TF     742GB/s ok
16:08:58 gemv/gemm_16_12288_5120                      best=    169.20us single=    366.1us loop_cv=0.002    11.9TF     747GB/s ok
16:08:59 gemv/gemm_16_12288_10240                     best=    338.04us single=    531.8us loop_cv=0.005    11.9TF     747GB/s ok
16:09:00 gemv/gemm_16_12288_12288                     best=    402.89us single=    605.1us loop_cv=0.002    12.0TF     752GB/s ok
16:09:01 gemv/gemm_16_12288_24576                     best=    803.90us single=   1049.9us loop_cv=0.005    12.0TF     753GB/s ok
16:09:02 gemv/gemm_16_24576_3072                      best=    204.20us single=    405.6us loop_cv=0.006    11.8TF     744GB/s ok
16:09:03 gemv/gemm_16_24576_5120                      best=    335.72us single=    568.8us loop_cv=0.004    12.0TF     752GB/s ok
16:09:05 gemv/gemm_16_24576_10240                     best=    668.52us single=    880.5us loop_cv=0.005    12.0TF     755GB/s ok
16:09:06 gemv/gemm_16_24576_12288                     best=    804.83us single=   1016.2us loop_cv=0.003    12.0TF     752GB/s ok
16:09:07 gemv/gemm_16_24576_24576                     best=   1605.02us single=   1829.9us loop_cv=0.002    12.0TF     754GB/s ok
16:09:09 gemv/gemm_64_3072_3072                       best=     28.76us single=    190.6us loop_cv=0.003    42.0TF     684GB/s ok
16:09:10 gemv/gemm_64_3072_5120                       best=     46.82us single=    168.9us loop_cv=0.002    43.0TF     694GB/s ok
16:09:12 gemv/gemm_64_3072_10240                      best=     87.92us single=    176.3us loop_cv=0.004    45.8TF     735GB/s ok
16:09:15 gemv/gemm_64_3072_12288                      best=    105.12us single=    171.0us loop_cv=0.003    46.0TF     737GB/s ok
16:09:17 gemv/gemm_64_3072_24576                      best=    206.59us single=    450.9us loop_cv=0.003    46.8TF     748GB/s ok
16:09:18 gemv/gemm_64_5120_3072                       best=     45.29us single=    159.4us loop_cv=0.004    44.5TF     718GB/s ok
16:09:20 gemv/gemm_64_5120_5120                       best=     74.49us single=    162.7us loop_cv=0.008    45.0TF     721GB/s ok
16:09:22 gemv/gemm_64_5120_10240                      best=    143.14us single=    195.5us loop_cv=0.002    46.9TF     746GB/s ok
16:09:23 gemv/gemm_64_5120_12288                      best=    173.73us single=    413.3us loop_cv=0.006    46.4TF     737GB/s ok
16:09:25 gemv/gemm_64_5120_24576                      best=    353.25us single=    582.5us loop_cv=0.003    45.6TF     723GB/s ok
16:09:26 gemv/gemm_64_10240_3072                      best=     87.55us single=    188.3us loop_cv=0.001    46.0TF     738GB/s ok
16:09:28 gemv/gemm_64_10240_5120                      best=    144.42us single=    249.0us loop_cv=0.005    46.5TF     740GB/s ok
16:09:29 gemv/gemm_64_10240_10240                     best=    288.90us single=    546.4us loop_cv=0.005    46.5TF     735GB/s ok
16:09:31 gemv/gemm_64_10240_12288                     best=    344.43us single=    582.6us loop_cv=0.004    46.8TF     739GB/s ok
16:09:32 gemv/gemm_64_10240_24576                     best=    688.20us single=    886.2us loop_cv=0.003    46.8TF     738GB/s ok
16:09:34 gemv/gemm_64_12288_3072                      best=    103.55us single=    165.5us loop_cv=0.005    46.7TF     748GB/s ok
16:09:35 gemv/gemm_64_12288_5120                      best=    171.84us single=    381.4us loop_cv=0.004    46.9TF     745GB/s ok
16:09:37 gemv/gemm_64_12288_10240                     best=    346.30us single=    566.2us loop_cv=0.004    46.5TF     735GB/s ok
16:09:38 gemv/gemm_64_12288_12288                     best=    402.52us single=    630.1us loop_cv=0.003    48.0TF     758GB/s ok
16:09:39 gemv/gemm_64_12288_24576                     best=    818.90us single=   1038.3us loop_cv=0.004    47.2TF     743GB/s ok
16:09:41 gemv/gemm_64_24576_3072                      best=    205.38us single=    433.3us loop_cv=0.006    47.1TF     752GB/s ok
16:09:42 gemv/gemm_64_24576_5120                      best=    337.32us single=    553.2us loop_cv=0.003    47.7TF     757GB/s ok
16:09:43 gemv/gemm_64_24576_10240                     best=    668.93us single=    896.0us loop_cv=0.005    48.2TF     759GB/s ok
16:09:44 gemv/gemm_64_24576_12288                     best=    802.04us single=   1038.8us loop_cv=0.004    48.2TF     759GB/s ok
16:09:46 gemv/gemm_64_24576_24576                     best=   1599.73us single=   1833.5us loop_cv=0.002    48.3TF     759GB/s ok
16:09:47 gemm/gemm_256_256_256                        best=      2.84us single=    167.7us loop_cv=0.003    11.8TF     139GB/s ok
16:09:49 gemm/gemm_384_384_384                        best=      3.90us single=    150.7us loop_cv=0.005    29.0TF     227GB/s ok
16:09:50 gemm/gemm_512_512_512                        best=      5.63us single=    149.5us loop_cv=0.002    47.7TF     279GB/s ok
16:09:52 gemm/gemm_768_768_768                        best=     11.70us single=    141.8us loop_cv=0.002    77.4TF     302GB/s ok
16:09:54 gemm/gemm_1024_1024_1024                     best=     18.94us single=    187.0us loop_cv=0.001   113.4TF     332GB/s ok
16:09:56 gemm/gemm_1536_1536_1536                     best=     48.83us single=    229.2us loop_cv=0.004   148.4TF     290GB/s ok
16:09:59 gemm/gemm_2048_2048_2048                     best=    105.72us single=    270.7us loop_cv=0.003   162.5TF     238GB/s ok
16:10:01 gemm/gemm_3072_3072_3072                     best=    331.97us single=    513.6us loop_cv=0.003   174.7TF     171GB/s ok
16:10:04 gemm/gemm_6144_6144_6144                     best=   2514.36us single=   2663.1us loop_cv=0.006   184.5TF      90GB/s ok
16:10:07 gemm/gemm_8192_8192_8192                     best=   5961.07us single=   6171.3us loop_cv=0.003   184.4TF      68GB/s ok
16:10:12 gemm/gemm_12288_12288_12288                  best=  19572.33us single=  20045.6us loop_cv=0.001   189.6TF      46GB/s ok
16:10:22 gemm/gemm_16384_16384_16384                  best=  46192.63us single=  46729.0us loop_cv=0.000   190.4TF      35GB/s ok
16:10:25 gemm/gemm_256_256_8192                       best=     15.61us single=    147.6us loop_cv=0.008    68.8TF     546GB/s ok
16:10:27 gemm/gemm_256_256_16384                      best=     26.63us single=    158.3us loop_cv=0.003    80.6TF     635GB/s ok
16:10:30 gemm/gemm_256_256_32768                      best=     49.05us single=    172.3us loop_cv=0.004    87.6TF     687GB/s ok
16:10:34 gemm/gemm_256_256_65536                      best=     93.94us single=    228.6us loop_cv=0.004    91.4TF     716GB/s ok
16:10:37 gemm/gemm_1024_1024_8192                     best=     95.05us single=    292.6us loop_cv=0.002   180.7TF     375GB/s ok
16:10:40 gemm/gemm_1024_1024_16384                    best=    185.70us single=    395.5us loop_cv=0.008   185.0TF     373GB/s ok
16:10:44 gemm/gemm_1024_1024_32768                    best=    365.51us single=    567.6us loop_cv=0.006   188.0TF     373GB/s ok
16:10:48 gemm/gemm_1024_1024_65536                    best=    728.13us single=    952.1us loop_cv=0.003   188.8TF     372GB/s ok
16:10:52 gemm/gemm_2048_2048_8192                     best=    368.79us single=    589.2us loop_cv=0.005   186.3TF     205GB/s ok
16:10:55 gemm/gemm_2048_2048_16384                    best=    730.20us single=    951.1us loop_cv=0.007   188.2TF     195GB/s ok
16:10:59 gemm/gemm_2048_2048_32768                    best=   1452.54us single=   1735.8us loop_cv=0.002   189.2TF     191GB/s ok
16:11:02 gemm/gemm_2048_2048_65536                    best=   2897.16us single=   3180.6us loop_cv=0.005   189.8TF     188GB/s ok
16:11:05 gemm/gemm_512_3072_3072                      best=     60.08us single=    246.3us loop_cv=0.008   160.9TF     419GB/s ok
16:11:07 gemm/gemm_512_3072_5120                      best=     95.56us single=    311.1us loop_cv=0.005   168.6TF     417GB/s ok
16:11:11 gemm/gemm_512_3072_10240                     best=    184.10us single=    392.5us loop_cv=0.002   175.0TF     416GB/s ok
16:11:13 gemm/gemm_512_5120_3072                      best=     98.61us single=    288.8us loop_cv=0.003   163.3TF     404GB/s ok
16:11:16 gemm/gemm_512_5120_5120                      best=    148.24us single=    365.4us loop_cv=0.004   181.1TF     424GB/s ok
16:11:18 gemm/gemm_512_5120_10240                     best=    287.42us single=    498.0us loop_cv=0.004   186.8TF     420GB/s ok
16:11:21 gemm/gemm_512_10240_3072                     best=    182.05us single=    398.9us loop_cv=0.004   176.9TF     420GB/s ok
16:11:24 gemm/gemm_512_10240_5120                     best=    291.89us single=    513.9us loop_cv=0.003   183.9TF     413GB/s ok
16:11:26 gemm/gemm_512_10240_10240                    best=    568.52us single=    791.7us loop_cv=0.003   188.9TF     406GB/s ok
16:11:29 gemm/gemm_2048_3072_3072                     best=    223.74us single=    420.9us loop_cv=0.002   172.8TF     197GB/s ok
16:11:32 gemm/gemm_2048_3072_5120                     best=    347.29us single=    552.9us loop_cv=0.003   185.5TF     187GB/s ok
16:11:36 gemm/gemm_2048_3072_10240                    best=    681.98us single=    926.1us loop_cv=0.003   188.9TF     172GB/s ok
16:11:38 gemm/gemm_2048_5120_3072                     best=    363.90us single=    562.9us loop_cv=0.004   177.0TF     179GB/s ok
16:11:41 gemm/gemm_2048_5120_5120                     best=    603.76us single=    803.0us loop_cv=0.003   177.8TF     156GB/s ok
16:11:44 gemm/gemm_2048_5120_10240                    best=   1134.75us single=   1353.0us loop_cv=0.003   189.2TF     148GB/s ok
16:11:47 gemm/gemm_2048_10240_3072                    best=    722.53us single=    887.6us loop_cv=0.003   178.3TF     163GB/s ok
16:11:50 gemm/gemm_2048_10240_5120                    best=   1198.70us single=   1354.6us loop_cv=0.005   179.2TF     140GB/s ok
16:11:53 gemm/gemm_2048_10240_10240                   best=   2262.18us single=   2492.0us loop_cv=0.002   189.9TF     130GB/s ok
16:11:57 gemm/gemm_8192_3072_3072                     best=    854.05us single=   1008.3us loop_cv=0.002   181.0TF     140GB/s ok
16:12:00 gemm/gemm_8192_3072_5120                     best=   1430.23us single=   1569.9us loop_cv=0.003   180.2TF     116GB/s ok
16:12:04 gemm/gemm_8192_3072_10240                    best=   2718.84us single=   2935.2us loop_cv=0.002   189.6TF     103GB/s ok
16:12:07 gemm/gemm_8192_5120_3072                     best=   1400.27us single=   1577.2us loop_cv=0.002   184.0TF     118GB/s ok
16:12:10 gemm/gemm_8192_5120_5120                     best=   2371.49us single=   2496.2us loop_cv=0.004   181.1TF      93GB/s ok
16:12:13 gemm/gemm_8192_5120_10240                    best=   4660.46us single=   4765.9us loop_cv=0.004   184.3TF      76GB/s ok
16:12:17 gemm/gemm_8192_10240_3072                    best=   2689.72us single=   2969.0us loop_cv=0.002   191.6TF     104GB/s ok
16:12:20 gemm/gemm_8192_10240_5120                    best=   4679.20us single=   4774.4us loop_cv=0.003   183.6TF      76GB/s ok
16:12:23 gemm/gemm_8192_10240_10240                   best=   9063.14us single=   9447.7us loop_cv=0.001   189.6TF      60GB/s ok
16:12:25 bmm/bmm_16_4_1024_128                        best=      7.81us single=    165.8us loop_cv=0.002     2.1TF     556GB/s ok
16:12:27 bmm/bmm_16_4_4096_64                         best=     13.74us single=    198.9us loop_cv=0.002     2.4TF     649GB/s ok
16:12:30 bmm/bmm_16_4_128_4096                        best=     25.16us single=    199.6us loop_cv=0.002     2.7TF     688GB/s ok
16:12:32 bmm/bmm_16_1024_1024_128                     best=     68.97us single=    257.7us loop_cv=0.005    62.3TF     608GB/s ok
16:12:34 bmm/bmm_16_1024_4096_64                      best=    222.42us single=    421.2us loop_cv=0.003    38.6TF     651GB/s ok
16:12:37 bmm/bmm_16_1024_128_4096                     best=    204.84us single=    418.1us loop_cv=0.002    83.9TF     758GB/s ok
16:12:39 bmm/bmm_128_4_1024_128                       best=     51.46us single=    152.3us loop_cv=0.001     2.6TF     675GB/s ok
16:12:41 bmm/bmm_128_4_4096_64                        best=     91.90us single=    159.2us loop_cv=0.003     2.9TF     777GB/s ok
16:12:44 bmm/bmm_128_4_128_4096                       best=    185.18us single=    425.0us loop_cv=0.003     2.9TF     748GB/s ok
16:12:46 bmm/bmm_128_1024_1024_128                    best=    473.67us single=    693.5us loop_cv=0.004    72.5TF     708GB/s ok
16:12:48 bmm/bmm_128_1024_4096_64                     best=   1653.52us single=   1891.6us loop_cv=0.004    41.6TF     700GB/s ok
16:12:50 bmm/bmm_128_1024_128_4096                    best=   1613.17us single=   1912.4us loop_cv=0.004    85.2TF     770GB/s ok
16:12:52 ew/add_4KiB                                  best=      1.95us single=    135.3us loop_cv=0.005     0.0TF       6GB/s ok
16:12:53 ew/add_16KiB                                 best=      2.07us single=    138.7us loop_cv=0.006     0.0TF      24GB/s ok
16:12:55 ew/add_64KiB                                 best=      2.33us single=    143.8us loop_cv=0.003     0.0TF      84GB/s ok
16:12:57 ew/add_256KiB                                best=      3.19us single=    184.0us loop_cv=0.003     0.0TF     247GB/s ok
16:12:58 ew/add_1024KiB                               best=      7.09us single=    171.3us loop_cv=0.003     0.1TF     444GB/s ok
16:13:00 ew/add_4096KiB                               best=     21.18us single=    174.9us loop_cv=0.001     0.1TF     594GB/s ok
16:13:01 ew/add_16384KiB                              best=     76.40us single=    239.8us loop_cv=0.002     0.1TF     659GB/s ok
16:13:02 ew/add_65536KiB                              best=    297.15us single=    492.0us loop_cv=0.002     0.1TF     678GB/s ok
16:13:04 ew/add_262144KiB                             best=   1188.50us single=   1416.3us loop_cv=0.002     0.1TF     678GB/s ok
16:13:06 ew/add_1048576KiB                            best=   4696.67us single=   5105.9us loop_cv=0.001     0.1TF     686GB/s ok
16:13:07 ew/scale_4KiB                                best=      1.94us single=    147.4us loop_cv=0.011     0.0TF       4GB/s ok
16:13:08 ew/scale_16KiB                               best=      2.02us single=    140.2us loop_cv=0.004     0.0TF      16GB/s ok
16:13:09 ew/scale_64KiB                               best=      2.19us single=    145.7us loop_cv=0.007     0.0TF      60GB/s ok
16:13:11 ew/scale_256KiB                              best=      2.81us single=    150.8us loop_cv=0.009     0.0TF     187GB/s ok
16:13:12 ew/scale_1024KiB                             best=      5.32us single=    176.6us loop_cv=0.009     0.1TF     394GB/s ok
16:13:13 ew/scale_4096KiB                             best=     14.27us single=    155.5us loop_cv=0.002     0.1TF     588GB/s ok
16:13:14 ew/scale_16384KiB                            best=     52.28us single=    220.7us loop_cv=0.004     0.2TF     642GB/s ok
16:13:15 ew/scale_65536KiB                            best=    207.26us single=    422.3us loop_cv=0.003     0.2TF     648GB/s ok
16:13:16 ew/scale_262144KiB                           best=    816.77us single=   1040.4us loop_cv=0.006     0.2TF     657GB/s ok
16:13:17 ew/scale_1048576KiB                          best=   3271.28us single=   3553.9us loop_cv=0.005     0.2TF     656GB/s ok
16:13:18 ew/silu_4KiB                                 best=      1.95us single=    183.3us loop_cv=0.004     0.0TF       4GB/s ok
16:13:19 ew/silu_16KiB                                best=      2.05us single=    130.6us loop_cv=0.013     0.0TF      16GB/s ok
16:13:19 ew/silu_64KiB                                best=      2.22us single=    151.7us loop_cv=0.007     0.0TF      59GB/s ok
16:13:21 ew/silu_256KiB                               best=      2.92us single=    183.0us loop_cv=0.003     0.0TF     180GB/s ok
16:13:21 ew/silu_1024KiB                              best=      5.60us single=    181.1us loop_cv=0.006     0.1TF     374GB/s ok
16:13:22 ew/silu_4096KiB                              best=     14.12us single=    150.9us loop_cv=0.005     0.1TF     594GB/s ok
16:13:23 ew/silu_16384KiB                             best=     52.32us single=    206.7us loop_cv=0.006     0.2TF     641GB/s ok
16:13:24 ew/silu_65536KiB                             best=    206.73us single=    387.1us loop_cv=0.003     0.2TF     649GB/s ok
16:13:26 ew/silu_262144KiB                            best=    817.23us single=   1038.5us loop_cv=0.003     0.2TF     657GB/s ok
16:13:27 ew/silu_1048576KiB                           best=   3266.14us single=   3517.2us loop_cv=0.003     0.2TF     657GB/s ok
16:13:29 sanity end {'gemm_8192^3': {'loop_s': 0.006097678333352026, 'cv': 0.005024909840148989, 'tflops': 180.31643646436407, 'gbps': 66.03385124427395}, 'copy_1GiB': {'loop_s': 0.0032667588888873273, 'cv': 0.0018656449278167387, 'tflops': None, 'gbps': 657.3743949408653}}
16:13:29 DONE
