/usr/local/lib/python3.13/dist-packages/jax/_src/cloud_tpu_init.py:86: UserWarning: Transparent hugepages are not enabled. TPU runtime startup and shutdown time should be significantly improved on TPU v5e and newer. If not already set, you may need to enable transparent hugepages in your VM image (sudo sh -c "echo always > /sys/kernel/mm/transparent_hugepage/enabled")
  warnings.warn(
16:16:35 sanity start {'gemm_8192^3': {'loop_s': 0.0018282502631480288, 'cv': 0.014008572233496039, 'tflops': 601.4010499212358, 'gbps': 220.23964230514005}, 'copy_1GiB': {'loop_s': 0.001855839294127209, 'cv': 0.007737557451241638, 'tflops': None, 'gbps': 1157.149573670359}}
16:16:40 gemm_2048_6144_4096                          best=    172.46us single=    303.3us loop_cv=0.001   597.7TF     535GB/s ok
16:16:42 bmm_1_8192_2048_128                          best=     28.24us single=    168.9us loop_cv=0.021   152.1TF    1281GB/s ok
16:16:45 bmm_1_8192_128_2048                          best=     31.24us single=    153.9us loop_cv=0.017   137.5TF    1158GB/s ok
16:16:49 gemm_2048_4096_4096                          best=    121.77us single=    242.8us loop_cv=0.008   564.3TF     551GB/s ok
16:16:52 gemm_2048_14336_4096                         best=    314.49us single=    476.4us loop_cv=0.010   764.8TF     613GB/s ok
16:16:57 gemm_2048_4096_14336                         best=    334.25us single=    516.9us loop_cv=0.003   719.6TF     577GB/s ok
16:16:59 gemm_1_128256_4096                           best=    958.27us single=    889.0us loop_cv=0.045     1.1TF    1097GB/s rejected
16:17:00 gemm_1_6144_4096                             best=     46.02us single=    211.7us loop_cv=0.005     1.1TF    1094GB/s ok
16:17:02 bmm_8_4_2048_128                             best=      5.69us single=    168.7us loop_cv=0.002     2.9TF     761GB/s ok
16:17:04 bmm_8_4_128_2048                             best=      5.72us single=    169.0us loop_cv=0.002     2.9TF     758GB/s ok
16:17:05 gemm_1_4096_4096                             best=     30.81us single=    168.7us loop_cv=0.016     1.1TF    1090GB/s ok
16:17:06 gemm_1_14336_4096                            best=     86.71us single=    227.0us loop_cv=0.010     1.4TF    1355GB/s ok
16:17:08 gemm_1_4096_14336                            best=     86.68us single=    233.9us loop_cv=0.027     1.4TF    1355GB/s ok
16:17:09 gemm_8_6144_4096                             best=     46.05us single=    149.1us loop_cv=0.025     8.7TF    1096GB/s ok
16:17:12 bmm_64_4_2048_128                            best=     30.61us single=    169.2us loop_cv=0.016     4.4TF    1133GB/s ok
16:17:14 bmm_64_4_128_2048                            best=     31.49us single=    170.0us loop_cv=0.008     4.3TF    1101GB/s ok
16:17:16 gemm_8_4096_4096                             best=     30.34us single=    170.2us loop_cv=0.041     8.8TF    1110GB/s rejected
16:17:17 gemm_8_14336_4096                            best=     87.22us single=    233.0us loop_cv=0.021    10.8TF    1350GB/s ok
16:17:18 gemm_8_4096_14336                            best=     88.14us single=    227.9us loop_cv=0.023    10.7TF    1336GB/s ok
16:17:19 gemm_8_128256_4096                           best=    934.98us single=    886.7us loop_cv=0.022     9.0TF    1126GB/s ok
16:17:21 gemm_32_6144_4096                            best=     46.38us single=    154.8us loop_cv=0.019    34.7TF    1099GB/s ok
16:17:23 bmm_256_4_2048_128                           best=    101.88us single=    245.1us loop_cv=0.035     5.3TF    1361GB/s rejected
16:17:26 bmm_256_4_128_2048                           best=    101.80us single=    245.9us loop_cv=0.018     5.3TF    1362GB/s ok
16:17:28 gemm_32_4096_4096                            best=     30.70us single=    172.6us loop_cv=0.019    35.0TF    1110GB/s ok
16:17:29 gemm_32_14336_4096                           best=     88.26us single=    238.7us loop_cv=0.028    42.6TF    1344GB/s ok
16:17:31 gemm_32_4096_14336                           best=     88.49us single=    239.9us loop_cv=0.020    42.5TF    1340GB/s ok
16:17:32 gemm_32_128256_4096                          best=    957.58us single=    877.7us loop_cv=0.018    35.1TF    1106GB/s ok
16:17:34 gemm_1024_1024_1024                          best=     10.00us single=    155.0us loop_cv=0.002   214.8TF     629GB/s ok
16:17:36 gemm_16_8192_8192                            best=     98.44us single=    238.2us loop_cv=0.034    21.8TF    1369GB/s rejected
16:17:40 gemm_4096_4096_4096                          best=    198.96us single=    363.7us loop_cv=0.008   690.8TF     506GB/s ok
16:17:41 decode_b1/rmsnorm                            best=      5.94us single=    141.1us loop_cv=0.001     0.0TF       3GB/s ok
16:17:43 decode_b1/rope_qk                            best=      4.08us single=    241.0us loop_cv=0.001     0.0TF       5GB/s ok
16:17:45 decode_b1/softmax                            best=      5.46us single=    148.4us loop_cv=0.001     0.0TF      48GB/s ok
16:17:46 decode_b1/residual_add                       best=      4.23us single=    157.3us loop_cv=0.002     0.0TF       6GB/s ok
16:17:47 decode_b1/silu_mul                           best=      5.21us single=    144.7us loop_cv=0.002     0.0TF      16GB/s ok
16:17:50 decode_b1/argmax                             best=      8.21us single=    195.6us loop_cv=0.001     0.0TF      31GB/s ok
16:17:51 decode_b1/kv_write                           best=      1.11us single=      nanus loop_cv=0.006     0.0TF       2GB/s ok
16:17:52 decode_b1/embedding                          best=      4.25us single=    153.0us loop_cv=0.007     0.0TF       4GB/s ok
16:17:54 decode_b8/rmsnorm                            best=      4.20us single=    140.0us loop_cv=0.002     0.0TF      31GB/s ok
16:17:56 decode_b8/rope_qk                            best=      4.44us single=    237.4us loop_cv=0.030     0.0TF      37GB/s ok
16:17:58 decode_b8/softmax                            best=     10.73us single=    171.2us loop_cv=0.008     0.0TF     195GB/s ok
16:17:59 decode_b8/residual_add                       best=      3.37us single=    128.5us loop_cv=0.003     0.0TF      58GB/s ok
16:18:00 decode_b8/silu_mul                           best=      3.91us single=    156.8us loop_cv=0.004     0.0TF     176GB/s ok
16:18:02 decode_b8/argmax                             best=      6.83us single=    144.1us loop_cv=0.002     0.0TF     300GB/s ok
16:18:41 decode_b8/kv_write                           best=      1.23us single=      nanus loop_cv=0.003     0.0TF      13GB/s ok
16:19:51 decode_b8/embedding                          best=     31.20us single=    148.2us loop_cv=0.001     0.0TF       4GB/s ok
16:19:52 decode_b32/rmsnorm                           best=      4.74us single=    131.1us loop_cv=0.003     0.0TF     111GB/s ok
16:19:54 decode_b32/rope_qk                           best=      5.10us single=    239.0us loop_cv=0.002     0.0TF     128GB/s ok
16:19:58 decode_b32/softmax                           best=     24.31us single=    150.5us loop_cv=0.000     0.0TF     345GB/s ok
16:19:59 decode_b32/residual_add                      best=      3.90us single=    163.9us loop_cv=0.003     0.0TF     202GB/s ok
16:20:00 decode_b32/silu_mul                          best=      5.63us single=    156.1us loop_cv=0.002     0.0TF     489GB/s ok
16:20:04 decode_b32/argmax                            best=     14.37us single=    151.4us loop_cv=0.001     0.0TF     571GB/s ok
16:20:44 decode_b32/kv_write                          best=      1.80us single=      nanus loop_cv=0.004     0.0TF      36GB/s ok
16:21:54 decode_b32/embedding                         best=     42.21us single=    143.5us loop_cv=0.002     0.0TF      12GB/s ok
16:21:56 prefill_b1/rmsnorm                           best=     43.41us single=    171.5us loop_cv=0.008     0.0TF     773GB/s ok
16:21:57 prefill_b1/rmsnorm_final                     best=      6.00us single=    146.7us loop_cv=0.001     0.0TF       3GB/s ok
16:22:01 prefill_b1/rope_qk                           best=     57.09us single=    249.1us loop_cv=0.001     0.0TF     735GB/s ok
16:22:03 prefill_b1/softmax                           best=    677.59us single=    724.1us loop_cv=0.014     0.0TF     792GB/s ok
16:22:04 prefill_b1/residual_add                      best=     43.46us single=    170.1us loop_cv=0.015     0.0TF    1158GB/s ok
16:22:06 prefill_b1/silu_mul                          best=    130.51us single=    308.1us loop_cv=0.022     0.0TF    1350GB/s ok
16:22:07 prefill_b1/argmax                            best=      8.26us single=    141.9us loop_cv=0.001     0.0TF      31GB/s ok
16:22:31 prefill_b1/kv_write                          best=      7.82us single=      nanus loop_cv=0.002     0.0TF     537GB/s ok
16:22:59 prefill_b1/embedding                         best=     98.05us single=    243.5us loop_cv=0.001     0.0TF     342GB/s ok
16:23:00 sweep/gemm_256_256_256                       best=      3.70us single=    150.4us loop_cv=0.033     9.1TF     106GB/s ok
16:23:01 sweep/gemm_512_512_512                       best=      4.79us single=    149.6us loop_cv=0.002    56.0TF     328GB/s ok
16:23:02 sweep/gemm_1024_1024_1024                    best=     10.06us single=    146.4us loop_cv=0.007   213.4TF     625GB/s ok
16:23:05 sweep/gemm_2048_2048_2048                    best=     33.59us single=    175.2us loop_cv=0.001   511.5TF     749GB/s ok
16:23:07 sweep/gemm_4096_4096_4096                    best=    198.77us single=    370.9us loop_cv=0.008   691.4TF     506GB/s ok
16:23:10 sweep/gemm_8192_8192_8192                    best=   1519.08us single=   1719.7us loop_cv=0.011   723.8TF     265GB/s ok
16:23:11 sweep/gemm_1_4096_4096                       best=     30.86us single=    143.4us loop_cv=0.026     1.1TF    1088GB/s ok
16:23:11 sweep/gemm_8_4096_4096                       best=     30.47us single=    146.9us loop_cv=0.010     8.8TF    1106GB/s ok
16:23:13 sweep/gemm_16_4096_4096                      best=     30.95us single=    149.6us loop_cv=0.030    17.3TF    1092GB/s rejected
16:23:14 sweep/gemm_32_4096_4096                      best=     31.24us single=    143.4us loop_cv=0.023    34.4TF    1091GB/s ok
16:23:16 sweep/gemm_64_4096_4096                      best=     31.32us single=    156.6us loop_cv=0.027    68.6TF    1105GB/s ok
16:23:18 sweep/gemm_128_4096_4096                     best=     31.66us single=    151.9us loop_cv=0.011   135.7TF    1126GB/s ok
16:23:21 sweep/gemm_256_4096_4096                     best=     32.36us single=    158.6us loop_cv=0.015   265.5TF    1167GB/s ok
16:23:22 sweep/gemm_1_8192_8192                       best=     97.83us single=    236.0us loop_cv=0.014     1.4TF    1372GB/s ok
16:23:24 sweep/gemm_8_8192_8192                       best=     99.43us single=    236.6us loop_cv=0.022    10.8TF    1352GB/s ok
16:23:25 sweep/gemm_16_8192_8192                      best=     98.37us single=    236.4us loop_cv=0.012    21.8TF    1370GB/s ok
16:23:26 sweep/gemm_32_8192_8192                      best=     98.54us single=    234.2us loop_cv=0.035    43.6TF    1373GB/s rejected
16:23:28 sweep/gemm_64_8192_8192                      best=     98.80us single=    219.0us loop_cv=0.021    86.9TF    1380GB/s ok
16:23:30 sweep/gemm_128_8192_8192                     best=    101.89us single=    238.0us loop_cv=0.020   168.6TF    1358GB/s ok
16:23:33 sweep/gemm_256_8192_8192                     best=    105.88us single=    277.5us loop_cv=0.014   324.5TF    1347GB/s ok
16:23:35 sweep/gemm_1_14336_14336                     best=    355.14us single=    449.8us loop_cv=0.028     1.2TF    1158GB/s ok
16:23:36 sweep/gemm_8_14336_14336                     best=    357.41us single=    450.2us loop_cv=0.017     9.2TF    1151GB/s ok
16:23:38 sweep/gemm_16_14336_14336                    best=    352.49us single=    441.1us loop_cv=0.017    18.7TF    1169GB/s ok
16:23:39 sweep/gemm_32_14336_14336                    best=    378.16us single=    438.8us loop_cv=0.043    34.8TF    1092GB/s rejected
16:23:41 sweep/gemm_64_14336_14336                    best=    373.86us single=    440.5us loop_cv=0.033    70.4TF    1109GB/s rejected
16:23:43 sweep/gemm_128_14336_14336                   best=    374.27us single=    448.7us loop_cv=0.019   140.6TF    1118GB/s ok
16:23:46 sweep/gemm_256_14336_14336                   best=    358.51us single=    466.3us loop_cv=0.023   293.5TF    1187GB/s ok
16:23:48 sanity end {'gemm_8192^3': {'loop_s': 0.0018644723158056302, 'cv': 0.011543939853125988, 'tflops': 589.7173256235269, 'gbps': 215.96093467658454}, 'copy_1GiB': {'loop_s': 0.0018173287059171878, 'cv': 0.020995583733677544, 'tflops': None, 'gbps': 1181.6704600592254}}
16:23:48 DONE
