[0] idle         none   P=51.4 W  sm=1095.0 T=32 
[0] spin_1thread full   P=57.0 W  sm=1095.0 T=32 
[0] spin_busy    full   P=96.4 W  sm=1095.0 T=36 
[0] spin_busy    half   P=76.3 W  sm=1095.0 T=34 
[0] gemm_bf16    full   P=285.2 W  sm=1095.0 T=50 mac 1.152e+14/s
[0] gemm_bf16    duty50 P=171.9 W  sm=1095.0 T=45 mac 5.742e+13/s
[0] gemm_bf16    duty25 P=114.0 W  sm=1095.0 T=39 mac 2.866e+13/s
[0] gemm_int8    full   P=266.2 W  sm=1095.0 T=51 mac 1.707e+14/s
[0] gemm_int8    duty50 P=159.1 W  sm=1095.0 T=45 mac 8.503e+13/s
[0] ffma         full   P=127.5 W  sm=1095.0 T=43 fp32_fma 7.562e+12/s
[0] ffma         half   P=92.4 W  sm=1095.0 T=39 fp32_fma 3.782e+12/s
[0] ffma         duty50 P=89.9 W  sm=1095.0 T=38 fp32_fma 3.780e+12/s
[0] smem_read    full   P=116.6 W  sm=1095.0 T=41 smem_byte 1.511e+13/s
[0] smem_read    half   P=86.3 W  sm=1095.0 T=38 smem_byte 7.554e+12/s
[0] smem_read    duty50 P=86.2 W  sm=1095.0 T=37 smem_byte 7.549e+12/s
[0] hbm_read     full   P=201.2 W  sm=1095.0 T=41 hbm_byte 1.486e+12/s
[0] hbm_read     half   P=195.7 W  sm=1095.0 T=41 hbm_byte 1.422e+12/s
[0] hbm_read     duty50 P=132.0 W  sm=1095.0 T=40 hbm_byte 7.430e+11/s
[1] idle         none   P=52.6 W  sm=1095.0 T=35 
[1] spin_1thread full   P=56.7 W  sm=1095.0 T=35 
[1] spin_busy    full   P=96.4 W  sm=1095.0 T=38 
[1] spin_busy    half   P=76.4 W  sm=1095.0 T=36 
[1] gemm_bf16    full   P=288.0 W  sm=1095.0 T=52 mac 1.152e+14/s
[1] gemm_bf16    duty50 P=173.7 W  sm=1095.0 T=46 mac 5.743e+13/s
[1] gemm_bf16    duty25 P=114.7 W  sm=1095.0 T=41 mac 2.866e+13/s
[1] gemm_int8    full   P=267.2 W  sm=1095.0 T=52 mac 1.708e+14/s
[1] gemm_int8    duty50 P=165.5 W  sm=1095.0 T=46 mac 8.505e+13/s
[1] ffma         full   P=128.4 W  sm=1095.0 T=43 fp32_fma 7.563e+12/s
[1] ffma         half   P=92.7 W  sm=1095.0 T=40 fp32_fma 3.782e+12/s
[1] ffma         duty50 P=91.6 W  sm=1095.0 T=39 fp32_fma 3.780e+12/s
[1] smem_read    full   P=118.9 W  sm=1095.0 T=41 smem_byte 1.511e+13/s
[1] smem_read    half   P=86.5 W  sm=1095.0 T=38 smem_byte 7.554e+12/s
[1] smem_read    duty50 P=86.1 W  sm=1095.0 T=38 smem_byte 7.549e+12/s
[1] hbm_read     full   P=201.5 W  sm=1095.0 T=41 hbm_byte 1.486e+12/s
[1] hbm_read     half   P=195.8 W  sm=1095.0 T=42 hbm_byte 1.422e+12/s
[1] hbm_read     duty50 P=130.0 W  sm=1095.0 T=39 hbm_byte 7.431e+11/s
[2] idle         none   P=52.7 W  sm=1095.0 T=36 
[2] spin_1thread full   P=56.8 W  sm=1095.0 T=35 
[2] spin_busy    full   P=96.4 W  sm=1095.0 T=38 
[2] spin_busy    half   P=76.4 W  sm=1095.0 T=36 
[2] gemm_bf16    full   P=290.1 W  sm=1095.0 T=52 mac 1.152e+14/s
[2] gemm_bf16    duty50 P=173.7 W  sm=1095.0 T=45 mac 5.743e+13/s
[2] gemm_bf16    duty25 P=117.1 W  sm=1095.0 T=40 mac 2.866e+13/s
[2] gemm_int8    full   P=267.7 W  sm=1095.0 T=52 mac 1.708e+14/s
[2] gemm_int8    duty50 P=166.4 W  sm=1095.0 T=45 mac 8.503e+13/s
[2] ffma         full   P=128.4 W  sm=1095.0 T=44 fp32_fma 7.563e+12/s
[2] ffma         half   P=92.7 W  sm=1095.0 T=40 fp32_fma 3.782e+12/s
[2] ffma         duty50 P=92.7 W  sm=1095.0 T=39 fp32_fma 3.780e+12/s
[2] smem_read    full   P=118.9 W  sm=1095.0 T=41 smem_byte 1.511e+13/s
[2] smem_read    half   P=88.0 W  sm=1095.0 T=38 smem_byte 7.554e+12/s
[2] smem_read    duty50 P=86.6 W  sm=1095.0 T=37 smem_byte 7.550e+12/s
[2] hbm_read     full   P=201.3 W  sm=1095.0 T=41 hbm_byte 1.486e+12/s
[2] hbm_read     half   P=192.8 W  sm=1095.0 T=42 hbm_byte 1.422e+12/s
[2] hbm_read     duty50 P=130.6 W  sm=1095.0 T=40 hbm_byte 7.425e+11/s
